###############################################################################
#
# IAR ELF Linker V7.20.1.7305/W32 for ARM                 25/May/2015  20:08:27
# Copyright 2007-2014 IAR Systems AB.
#
#    Output file  =  
#        C:\StellarisWare\boards\ek-lm3s8962\ee472\Lab4withRTOS\FreeRTOS0\Demo\Tasks3\Debug\Exe\RTOSDemo.out
#    Map file     =  
#        C:\StellarisWare\boards\ek-lm3s8962\ee472\Lab4withRTOS\FreeRTOS0\Demo\Tasks3\Debug\List\RTOSDemo.map
#    Command line =  
#        C:\StellarisWare\boards\ek-lm3s8962\ee472\Lab4withRTOS\FreeRTOS0\Demo\Tasks3\Debug\Obj\adc.o
#        C:\StellarisWare\boards\ek-lm3s8962\ee472\Lab4withRTOS\FreeRTOS0\Demo\Tasks3\Debug\Obj\display.o
#        C:\StellarisWare\boards\ek-lm3s8962\ee472\Lab4withRTOS\FreeRTOS0\Demo\Common\drivers\LuminaryMicro\IAR\driverlib.a
#        C:\StellarisWare\boards\ek-lm3s8962\ee472\Lab4withRTOS\FreeRTOS0\Demo\Tasks3\Debug\Obj\emac.o
#        C:\StellarisWare\boards\ek-lm3s8962\ee472\Lab4withRTOS\FreeRTOS0\Demo\Tasks3\Debug\Obj\formike128x128x16.o
#        C:\StellarisWare\boards\ek-lm3s8962\ee472\Lab4withRTOS\FreeRTOS0\Demo\Common\drivers\LuminaryMicro\IAR\grlib.a
#        C:\StellarisWare\boards\ek-lm3s8962\ee472\Lab4withRTOS\FreeRTOS0\Demo\Tasks3\Debug\Obj\heap_2.o
#        C:\StellarisWare\boards\ek-lm3s8962\ee472\Lab4withRTOS\FreeRTOS0\Demo\Tasks3\Debug\Obj\http-strings.o
#        C:\StellarisWare\boards\ek-lm3s8962\ee472\Lab4withRTOS\FreeRTOS0\Demo\Tasks3\Debug\Obj\httpd-cgi.o
#        C:\StellarisWare\boards\ek-lm3s8962\ee472\Lab4withRTOS\FreeRTOS0\Demo\Tasks3\Debug\Obj\httpd-fs.o
#        C:\StellarisWare\boards\ek-lm3s8962\ee472\Lab4withRTOS\FreeRTOS0\Demo\Tasks3\Debug\Obj\httpd.o
#        C:\StellarisWare\boards\ek-lm3s8962\ee472\Lab4withRTOS\FreeRTOS0\Demo\Tasks3\Debug\Obj\InterruptSetup.o
#        C:\StellarisWare\boards\ek-lm3s8962\ee472\Lab4withRTOS\FreeRTOS0\Demo\Tasks3\Debug\Obj\IntQueue.o
#        C:\StellarisWare\boards\ek-lm3s8962\ee472\Lab4withRTOS\FreeRTOS0\Demo\Tasks3\Debug\Obj\IntQueueTimer.o
#        C:\StellarisWare\boards\ek-lm3s8962\ee472\Lab4withRTOS\FreeRTOS0\Demo\Tasks3\Debug\Obj\keypad.o
#        C:\StellarisWare\boards\ek-lm3s8962\ee472\Lab4withRTOS\FreeRTOS0\Demo\Tasks3\Debug\Obj\list.o
#        C:\StellarisWare\boards\ek-lm3s8962\ee472\Lab4withRTOS\FreeRTOS0\Demo\Tasks3\Debug\Obj\main.o
#        C:\StellarisWare\boards\ek-lm3s8962\ee472\Lab4withRTOS\FreeRTOS0\Demo\Tasks3\Debug\Obj\motor.o
#        C:\StellarisWare\boards\ek-lm3s8962\ee472\Lab4withRTOS\FreeRTOS0\Demo\Tasks3\Debug\Obj\osram128x64x4.o
#        C:\StellarisWare\boards\ek-lm3s8962\ee472\Lab4withRTOS\FreeRTOS0\Demo\Tasks3\Debug\Obj\ParTest.o
#        C:\StellarisWare\boards\ek-lm3s8962\ee472\Lab4withRTOS\FreeRTOS0\Demo\Tasks3\Debug\Obj\port.o
#        C:\StellarisWare\boards\ek-lm3s8962\ee472\Lab4withRTOS\FreeRTOS0\Demo\Tasks3\Debug\Obj\portasm.o
#        C:\StellarisWare\boards\ek-lm3s8962\ee472\Lab4withRTOS\FreeRTOS0\Demo\Tasks3\Debug\Obj\psock.o
#        C:\StellarisWare\boards\ek-lm3s8962\ee472\Lab4withRTOS\FreeRTOS0\Demo\Tasks3\Debug\Obj\queue.o
#        C:\StellarisWare\boards\ek-lm3s8962\ee472\Lab4withRTOS\FreeRTOS0\Demo\Tasks3\Debug\Obj\rit128x96x4.o
#        C:\StellarisWare\boards\ek-lm3s8962\ee472\Lab4withRTOS\FreeRTOS0\Demo\Tasks3\Debug\Obj\startup_ewarm.o
#        C:\StellarisWare\boards\ek-lm3s8962\ee472\Lab4withRTOS\FreeRTOS0\Demo\Tasks3\Debug\Obj\tasks.o
#        C:\StellarisWare\boards\ek-lm3s8962\ee472\Lab4withRTOS\FreeRTOS0\Demo\Tasks3\Debug\Obj\timer.o
#        C:\StellarisWare\boards\ek-lm3s8962\ee472\Lab4withRTOS\FreeRTOS0\Demo\Tasks3\Debug\Obj\timertest.o
#        C:\StellarisWare\boards\ek-lm3s8962\ee472\Lab4withRTOS\FreeRTOS0\Demo\Tasks3\Debug\Obj\uip.o
#        C:\StellarisWare\boards\ek-lm3s8962\ee472\Lab4withRTOS\FreeRTOS0\Demo\Tasks3\Debug\Obj\uip_arp.o
#        C:\StellarisWare\boards\ek-lm3s8962\ee472\Lab4withRTOS\FreeRTOS0\Demo\Tasks3\Debug\Obj\uIP_Task.o
#        --redirect _Printf=_PrintfSmall --redirect _Scanf=_ScanfSmall -o
#        C:\StellarisWare\boards\ek-lm3s8962\ee472\Lab4withRTOS\FreeRTOS0\Demo\Tasks3\Debug\Exe\RTOSDemo.out
#        --map
#        C:\StellarisWare\boards\ek-lm3s8962\ee472\Lab4withRTOS\FreeRTOS0\Demo\Tasks3\Debug\List\RTOSDemo.map
#        --config
#        C:\StellarisWare\boards\ek-lm3s8962\ee472\Lab4withRTOS\FreeRTOS0\Demo\Tasks3\LM3Sxxxx.icf
#        C:\StellarisWare\boards\ek-lm3s8962\ee472\Lab4withRTOS\FreeRTOS0\Demo\Tasks3\..\Common\drivers\LuminaryMicro\IAR\driverlib.a
#        C:\StellarisWare\boards\ek-lm3s8962\ee472\Lab4withRTOS\FreeRTOS0\Demo\Tasks3\..\Common\drivers\LuminaryMicro\IAR\grlib.a
#        --entry __iar_program_start --vfe
#
###############################################################################

*******************************************************************************
*** RUNTIME MODEL ATTRIBUTES
***

CppFlavor       = *
__SystemLibrary = DLib


*******************************************************************************
*** PLACEMENT SUMMARY
***

"A1":  place at start of [0x00000000-0x0003ffff] { ro section .intvec };
"P1":  place in [from 0x00000000 to 0x0003ffff] { ro };
"P2":  place in [from 0x20000000 to 0x2000ffff] { rw, block HEAP };

  Section            Kind        Address    Size  Object
  -------            ----        -------    ----  ------
"A1":                                      0x100
  .intvec            const    0x00000000   0x100  startup_ewarm.o [1]
                            - 0x00000100   0x100

"P1":                                     0x27bd
  .text              ro code  0x00000100   0x544  tasks.o [1]
  .text              ro code  0x00000644    0xa0  port.o [1]
  .text              ro code  0x000006e4    0x92  list.o [1]
  .text              ro code  0x00000776    0x22  zero_init3.o [6]
  CODE               ro code  0x00000798    0x8c  portasm.o [1]
  .text              ro code  0x00000824   0x1cc  main.o [1]
  .text              ro code  0x000009f0    0x62  memcmp_unaligned.o [6]
  .text              ro code  0x00000a52     0x6  startup_ewarm.o [1]
  .text              ro code  0x00000a58    0xd8  heap_2.o [1]
  .text              ro code  0x00000b30    0x6c  strncpy_unaligned.o [6]
  .text              ro code  0x00000b9c    0x3a  ABImemset48.o [6]
  .text              ro code  0x00000bd8    0xb4  timertest.o [1]
  .text              ro code  0x00000c8c   0x4cc  rit128x96x4.o [1]
  .text              ro code  0x00001158   0x1b4  adc.o [1]
  .text              ro code  0x0000130c   0x170  keypad.o [1]
  .text              ro code  0x0000147c    0xcc  InterruptSetup.o [1]
  .text              ro code  0x00001548   0x320  motor.o [1]
  .text              ro code  0x00001868   0x29c  sysctl.o [4]
  .text              ro code  0x00001b04   0x130  gpio.o [4]
  .text              ro code  0x00001c34    0x5e  ABImemset.o [6]
  .text              ro code  0x00001c94    0x58  timer.o [4]
  .text              ro code  0x00001cec    0x8c  interrupt.o [4]
  .text              ro code  0x00001d78    0x88  ssi.o [4]
  .text              ro code  0x00001e00    0x88  pwm.o [4]
  .text              ro code  0x00001e88   0x3b4  display.o [1]
  .text              ro code  0x0000223c   0x1ec  IntQueue.o [1]
  .text              ro code  0x00002428   0x12c  queue.o [1]
  .text              ro code  0x00002554    0x76  ABImemcpy_unaligned.o [6]
  .text              ro code  0x000025ca    0xd2  packbits_init.o [6]
  .text              ro code  0x0000269c     0x6  abort.o [3]
  .text              ro code  0x000026a4     0xc  XXexit.o [6]
  .rodata            const    0x000026b0    0x5c  sysctl.o [4]
  .text              ro code  0x0000270c    0x48  emac.o [1]
  .text              ro code  0x00002754    0x20  ethernet.o [4]
  .text              ro code  0x00002774    0x44  IntQueueTimer.o [1]
  .rodata            const    0x000027b8    0x40  interrupt.o [4]
  .text              ro code  0x000027f8    0x28  data_init.o [6]
  .iar.init_table    const    0x00002820    0x2c  - Linker created -
  .text              ro code  0x0000284c    0x1a  cmain.o [6]
  .text              ro code  0x00002866     0x4  low_level_init.o [3]
  .text              ro code  0x0000286a     0x4  exit.o [3]
  .text              ro code  0x00002870     0xa  cexit.o [6]
  .rodata            const    0x0000287c    0x10  sysctl.o [4]
  .rodata            const    0x0000288c     0xc  sysctl.o [4]
  .text              ro code  0x00002898     0xc  cstartup_M.o [6]
  .rodata            const    0x000028a4     0x0  zero_init3.o [6]
  .rodata            const    0x000028a4     0x0  packbits_init.o [6]
  Initializer bytes  ro data  0x000028a4    0x19  <for P2 s0>
                            - 0x000028bd  0x27bd

"P2":                                     0x6760
  P2 s0                       0x20000000    0xdc  <Init block>
    .data            inited   0x20000000    0x6c  tasks.o [1]
    .data            inited   0x2000006c    0x54  IntQueue.o [1]
    .data            inited   0x200000c0     0xc  display.o [1]
    .data            inited   0x200000cc     0xc  heap_2.o [1]
    .data            inited   0x200000d8     0x4  port.o [1]
  .bss               zero     0x200000e0  0x5dcc  heap_2.o [1]
  .bss               zero     0x20005eac   0x410  adc.o [1]
  .bss               zero     0x200062bc    0xc8  IntQueue.o [1]
  .bss               zero     0x20006384    0xc8  IntQueue.o [1]
  .bss               zero     0x2000644c    0xac  tasks.o [1]
  .bss               zero     0x200064f8    0x2c  emac.o [1]
  .bss               zero     0x20006524    0x20  adc.o [1]
  .bss               zero     0x20006544    0x14  rit128x96x4.o [1]
  .bss               zero     0x20006558     0xc  timertest.o [1]
  .bss               zero     0x20006564     0x8  rit128x96x4.o [1]
  .bss               zero     0x2000656c     0x4  InterruptSetup.o [1]
  .bss               zero     0x20006570     0x4  keypad.o [1]
  .bss               zero     0x20006574     0x4  main.o [1]
  .bss               zero     0x20006578     0x4  motor.o [1]
  .bss               zero     0x2000657c     0x4  motor.o [1]
  .noinit            uninit   0x20006580   0x1e0  startup_ewarm.o [1]
                            - 0x20006760  0x6760


*******************************************************************************
*** INIT TABLE
***

          Address     Size
          -------     ----
Zero (__iar_zero_init3)
    1 destination range, total size 0x64a0:
          0x200000e0  0x64a0

Copy/packbits (__iar_packbits_init3)
    1 source range, total size 0x19 (11% of destination):
          0x000028a4    0x19
    1 destination range, total size 0xdc:
          0x20000000    0xdc



*******************************************************************************
*** MODULE SUMMARY
***

    Module                 ro code  ro data  rw data
    ------                 -------  -------  -------
C:\StellarisWare\boards\ek-lm3s8962\ee472\Lab4withRTOS\FreeRTOS0\Demo\Tasks3\Debug\Obj: [1]
    IntQueue.o                 492        9      484
    IntQueueTimer.o             68
    InterruptSetup.o           204                 4
    adc.o                      436             1 072
    display.o                  948        2       12
    emac.o                      72                44
    heap_2.o                   216        1   24 024
    keypad.o                   368                 4
    list.o                     146
    main.o                     460                 4
    motor.o                    800                 8
    port.o                     160        1        4
    portasm.o                  140
    queue.o                    300
    rit128x96x4.o            1 228                28
    startup_ewarm.o              6      256      480
    tasks.o                  1 348       12      280
    timertest.o                180                12
    ------------------------------------------------
    Total:                   7 572      281   26 460

command line: [2]
    ------------------------------------------------
    Total:

dl7M_tln.a: [3]
    abort.o                      6
    exit.o                       4
    low_level_init.o             4
    ------------------------------------------------
    Total:                      14

driverlib.a: [4]
    ethernet.o                  32
    gpio.o                     304
    interrupt.o                140       64
    pwm.o                      136
    ssi.o                      136
    sysctl.o                   668      120
    timer.o                     88
    ------------------------------------------------
    Total:                   1 504      184

grlib.a: [5]
    ------------------------------------------------
    Total:

rt7M_tl.a: [6]
    ABImemcpy_unaligned.o      118
    ABImemset.o                 94
    ABImemset48.o               58
    XXexit.o                    12
    cexit.o                     10
    cmain.o                     26
    cstartup_M.o                12
    data_init.o                 40
    memcmp_unaligned.o          98
    packbits_init.o            210
    strncpy_unaligned.o        108
    zero_init3.o                34
    ------------------------------------------------
    Total:                     820

    Gaps                         8        2        4
    Linker created                       44
----------------------------------------------------
    Grand Total:             9 918      511   26 464


*******************************************************************************
*** ENTRY LIST
***

Entry                      Address    Size  Type      Object
-----                      -------    ----  ----      ------
?main                   0x0000284d          Code  Gb  cmain.o [6]
ADCInit                 0x00001159    0x34  Code  Gb  adc.o [1]
EthernetIntClear        0x00002771     0x4  Code  Gb  ethernet.o [4]
EthernetIntDisable      0x00002755     0xa  Code  Gb  ethernet.o [4]
EthernetIntStatus       0x00002761     0xe  Code  Gb  ethernet.o [4]
FaultISR                0x00000a55     0x2  Code  Lc  startup_ewarm.o [1]
GPIODirModeSet          0x00001b05    0x1e  Code  Gb  gpio.o [4]
GPIOEventHandler        0x000014ed    0x44  Code  Gb  InterruptSetup.o [1]
GPIOPadConfigSet        0x00001b39    0xac  Code  Gb  gpio.o [4]
GPIOPinTypeGPIOOutput   0x00001c05    0x10  Code  Gb  gpio.o [4]
GPIOPinTypePWM          0x00001c15    0x10  Code  Gb  gpio.o [4]
GPIOPinTypeSSI          0x00001c25    0x10  Code  Gb  gpio.o [4]
GPIOPinWrite            0x00001be5     0x6  Code  Gb  gpio.o [4]
InStream_Read           0x000025cb    0x22  Code  Lc  packbits_init.o [6]
InitializeHardware      0x000008b7    0x5c  Code  Gb  main.o [1]
IntDefaultHandler       0x00000a57     0x2  Code  Lc  startup_ewarm.o [1]
IntEnable               0x00001d11    0x60  Code  Gb  interrupt.o [4]
IntPrioritySet          0x00001ced    0x20  Code  Gb  interrupt.o [4]
LED_toggle              0x00000929     0xc  Code  Gb  main.o [1]
LookupDistanceTable     0x0000129b    0x30  Code  Gb  adc.o [1]
NmiSR                   0x00000a53     0x2  Code  Lc  startup_ewarm.o [1]
PORTD_init              0x0000161f    0x36  Code  Gb  motor.o [1]
PWMGenConfigure         0x00001e01    0x30  Code  Gb  pwm.o [4]
PWMGenEnable            0x00001e49     0xc  Code  Gb  pwm.o [4]
PWMGenPeriodSet         0x00001e31    0x18  Code  Gb  pwm.o [4]
PWMOutputState          0x00001e75    0x14  Code  Gb  pwm.o [4]
PWMPulseWidthSet        0x00001e55    0x1e  Code  Gb  pwm.o [4]
PWMinit                 0x00001549    0xc8  Code  Gb  motor.o [1]
RIT128x96x4Clear        0x00000cfb    0x38  Code  Gb  rit128x96x4.o [1]
RIT128x96x4Enable       0x00000df3    0x4a  Code  Gb  rit128x96x4.o [1]
RIT128x96x4Init         0x00000e4b    0x92  Code  Gb  rit128x96x4.o [1]
RIT128x96x4StringDraw   0x00000d33    0xa6  Code  Gb  rit128x96x4.o [1]
RITWriteCommand         0x00000c8d    0x32  Code  Lc  rit128x96x4.o [1]
RITWriteData            0x00000cbf    0x32  Code  Lc  rit128x96x4.o [1]
Region$$Table$$Base     0x00002820           --   Gb  - Linker created -
Region$$Table$$Limit    0x0000284c           --   Gb  - Linker created -
SSIConfigSetExpClk      0x00001d79    0x42  Code  Gb  ssi.o [4]
SSIDataGet              0x00001de1     0xc  Code  Gb  ssi.o [4]
SSIDataGetNonBlocking   0x00001ded    0x12  Code  Gb  ssi.o [4]
SSIDataPut              0x00001dd5     0xa  Code  Gb  ssi.o [4]
SSIDisable              0x00001dc9     0xc  Code  Gb  ssi.o [4]
SSIEnable               0x00001dbd     0xc  Code  Gb  ssi.o [4]
SysCtlClockGet          0x000019d5   0x130  Code  Gb  sysctl.o [4]
SysCtlClockSet          0x000018c5   0x108  Code  Gb  sysctl.o [4]
SysCtlDelay             0x000018bd     0x8  Code  Gb  sysctl.o [4]
SysCtlLDOSet            0x000018b1     0x6  Code  Gb  sysctl.o [4]
SysCtlPeripheralEnable  0x0000188d    0x12  Code  Gb  sysctl.o [4]
SysCtlPeripheralPresent
                        0x00001869    0x24  Code  Gb  sysctl.o [4]
Timer0IntHandler        0x00000c41    0x32  Code  Gb  timertest.o [1]
TimerConfigure          0x00001ca9    0x24  Code  Gb  timer.o [4]
TimerEnable             0x00001c95     0xe  Code  Gb  timer.o [4]
TimerIntClear           0x00001ce9     0x4  Code  Gb  timer.o [4]
TimerIntEnable          0x00001cdd     0xa  Code  Gb  timer.o [4]
TimerLoadSet            0x00001ccd    0x10  Code  Gb  timer.o [4]
__aeabi_memset4         0x00000b9d          Code  Gb  ABImemset48.o [6]
__aeabi_memset8         0x00000b9d          Code  Gb  ABImemset48.o [6]
__as_entries_start      0xffffffff           --   Gb  command line/config [2]
__as_table_start        0xffffffff           --   Gb  command line/config [2]
__cmain                 0x0000284d          Code  Gb  cmain.o [6]
__exit                  0x000026a5          Code  Gb  XXexit.o [6]
__iar_Memset4_word      0x00000ba5          Code  Gb  ABImemset48.o [6]
__iar_Memset8_word      0x00000ba5          Code  Gb  ABImemset48.o [6]
__iar_Memset_word       0x00001c35          Code  Gb  ABImemset.o [6]
__iar_data_init3        0x000027f9    0x28  Code  Gb  data_init.o [6]
__iar_packbits_init3    0x000025ed    0xb0  Code  Gb  packbits_init.o [6]
__iar_program_start     0x00002899          Code  Gb  cstartup_M.o [6]
__iar_unaligned___aeabi_memcpy
                        0x00002555          Code  Gb  ABImemcpy_unaligned.o [6]
__iar_unaligned___aeabi_memcpy4
                        0x00002575          Code  Gb  ABImemcpy_unaligned.o [6]
__iar_unaligned___aeabi_memcpy8
                        0x00002575          Code  Gb  ABImemcpy_unaligned.o [6]
__iar_unaligned_memcmp  0x000009f1          Code  Gb  memcmp_unaligned.o [6]
__iar_unaligned_strncpy
                        0x00000b31          Code  Gb  strncpy_unaligned.o [6]
__iar_zero_init3        0x00000777    0x22  Code  Gb  zero_init3.o [6]
__low_level_init        0x00002867     0x4  Code  Gb  low_level_init.o [3]
__vector_table          0x00000000   0x100  Data  Gb  startup_ewarm.o [1]
_call_main              0x00002859          Code  Gb  cmain.o [6]
_exit                   0x00002871          Code  Gb  cexit.o [6]
_main                   0x00002863          Code  Gb  cmain.o [6]
abort                   0x0000269d     0x6  Code  Gb  abort.o [3]
avg0                    0x20006524     0x4  Data  Gb  adc.o [1]
avg1                    0x20006528     0x4  Data  Gb  adc.o [1]
avg2                    0x2000652c     0x4  Data  Gb  adc.o [1]
avg3                    0x20006530     0x4  Data  Gb  adc.o [1]
currentKey              0x20006578     0x4  Data  Gb  motor.o [1]
debounce                0x2000656c     0x4  Data  Gb  InterruptSetup.o [1]
delay                   0x0000096d    0x28  Code  Gb  main.o [1]
dist0                   0x200062ac     0x4  Data  Gb  adc.o [1]
dist1                   0x200062b0     0x4  Data  Gb  adc.o [1]
dist2                   0x200062b4     0x4  Data  Gb  adc.o [1]
dist3                   0x200062b8     0x4  Data  Gb  adc.o [1]
exit                    0x0000286b     0x4  Code  Gb  exit.o [3]
fast                    0x200000c8     0x4  Data  Gb  display.o [1]
fresh_key               0x00001325    0x18  Code  Gb  keypad.o [1]
g_bSSIEnabled           0x20006544     0x1  Data  Lc  rit128x96x4.o [1]
g_pucBuffer             0x20006564     0x8  Data  Lc  rit128x96x4.o [1]
g_pucFont               0x00000f20   0x1e0  Data  Lc  rit128x96x4.o [1]
g_pucRIT128x96x4HorizontalInc
                        0x00000f1c     0x2  Data  Lc  rit128x96x4.o [1]
g_pucRIT128x96x4Init    0x00001100    0x50  Data  Lc  rit128x96x4.o [1]
g_pucRIT128x96x4VerticalInc
                        0x00000f18     0x2  Data  Lc  rit128x96x4.o [1]
g_pulDCRegs             0x0000287c    0x10  Data  Lc  sysctl.o [4]
g_pulRCGCRegs           0x0000288c     0xc  Data  Lc  sysctl.o [4]
g_pulRegs               0x000027b8    0x40  Data  Lc  interrupt.o [4]
g_pulXtals              0x000026b0    0x5c  Data  Lc  sysctl.o [4]
getKey                  0x00001361    0xa0  Code  Gb  keypad.o [1]
init_GPIOE              0x0000147d    0x36  Code  Gb  InterruptSetup.o [1]
init_GPIOF              0x000014b3    0x3a  Code  Gb  InterruptSetup.o [1]
is_a_key                0x0000130d    0x18  Code  Gb  keypad.o [1]
key_init                0x00001401    0x56  Code  Gb  keypad.o [1]
keymaster               0x0000133d    0x24  Code  Gb  keypad.o [1]
lastKey                 0x20006570     0x4  Data  Gb  keypad.o [1]
main                    0x00000825    0x74  Code  Gb  main.o [1]
pastKey                 0x200000c4     0x4  Data  Gb  display.o [1]
pcTraceBuffer           0x200064cc     0x4  Data  Lc  tasks.o [1]
pcTraceBufferEnd        0x20000060     0x4  Data  Lc  tasks.o [1]
pcTraceBufferStart      0x2000005c     0x4  Data  Lc  tasks.o [1]
printInt                0x00001245    0x56  Code  Gb  adc.o [1]
prvAddCurrentTaskToDelayedList
                        0x00000573    0x34  Code  Lc  tasks.o [1]
prvAllocateTCBAndStack  0x000005a7    0x36  Code  Lc  tasks.o [1]
prvCopyDataFromQueue    0x0000251f    0x26  Code  Lc  queue.o [1]
prvCopyDataToQueue      0x000024c3    0x5c  Code  Lc  queue.o [1]
prvIdleTask             0x000004e9    0x4c  Code  Lc  tasks.o [1]
prvInitialiseTCBVariables
                        0x00000535    0x3e  Code  Lc  tasks.o [1]
prvQueueAccessLogError  0x00002277     0xc  Code  Lc  IntQueue.o [1]
prvRecordValue_NormallyEmpty
                        0x00002259    0x1e  Code  Lc  IntQueue.o [1]
prvRecordValue_NormallyFull
                        0x0000223d    0x1c  Code  Lc  IntQueue.o [1]
pulStack                0x20006580   0x1e0  Data  Lc  startup_ewarm.o [1]
pvPortMalloc            0x00000a59    0x9e  Code  Gb  heap_2.o [1]
pxCurrentTCB            0x2000644c     0x4  Data  Gb  tasks.o [1]
pxDelayedTaskList       0x200064b4     0x4  Data  Lc  tasks.o [1]
pxOverflowDelayedTaskList
                        0x200064b8     0x4  Data  Lc  tasks.o [1]
pxPortInitialiseStack   0x00000645    0x1a  Code  Gb  port.o [1]
pxReadyTasksLists       0x20006450    0x64  Data  Lc  tasks.o [1]
speakerInit             0x00001735    0x56  Code  Gb  motor.o [1]
state                   0x200000c0     0x4  Data  Gb  display.o [1]
total0                  0x20006534     0x4  Data  Gb  adc.o [1]
total1                  0x20006538     0x4  Data  Gb  adc.o [1]
total2                  0x2000653c     0x4  Data  Gb  adc.o [1]
total3                  0x20006540     0x4  Data  Gb  adc.o [1]
ucNormallyEmptyReceivedValues
                        0x200062bc    0xc8  Data  Lc  IntQueue.o [1]
ucNormallyFullReceivedValues
                        0x20006384    0xc8  Data  Lc  IntQueue.o [1]
uip_buf                 0x20006500     0x4  Data  Gb  emac.o [1]
ulGPIOBase              0x2000654c     0x4  Data  Gb  rit128x96x4.o [1]
ulGPIOId                0x20006548     0x4  Data  Gb  rit128x96x4.o [1]
ulMaxJitter             0x20006558     0x4  Data  Gb  timertest.o [1]
ulNextTxSpace           0x20006518     0x4  Data  Lc  emac.o [1]
ulOLEDDC_PIN            0x20006550     0x4  Data  Gb  rit128x96x4.o [1]
ulOLEDEN_PIN            0x20006554     0x4  Data  Gb  rit128x96x4.o [1]
ulPeriod                0x2000657c     0x4  Data  Gb  motor.o [1]
ulRxLength              0x20006504    0x14  Data  Lc  emac.o [1]
uxCriticalNesting       0x200000d8     0x4  Data  Lc  port.o [1]
uxCurrentNumberOfTasks  0x200064bc     0x4  Data  Lc  tasks.o [1]
uxHighPriorityLoops1    0x20000074     0x4  Data  Lc  IntQueue.o [1]
uxHighPriorityLoops2    0x20000078     0x4  Data  Lc  IntQueue.o [1]
uxLowPriorityLoops1     0x2000007c     0x4  Data  Lc  IntQueue.o [1]
uxLowPriorityLoops2     0x20000080     0x4  Data  Lc  IntQueue.o [1]
uxMissedTicks           0x20000048     0x4  Data  Lc  tasks.o [1]
uxPreviousTask          0x20000068     0x4  Data  Lc  tasks.o [1]
uxSchedulerSuspended    0x200064c8     0x4  Data  Lc  tasks.o [1]
uxTaskNumber            0x20000054     0x4  Data  Lc  tasks.o [1]
uxTasksDeleted          0x20000028     0x4  Data  Lc  tasks.o [1]
uxTopReadyPriority      0x200064c4     0x4  Data  Lc  tasks.o [1]
uxTopUsedPriority       0x20000040     0x4  Data  Lc  tasks.o [1]
uxValueForNormallyEmptyQueue
                        0x20000090     0x4  Data  Gb  IntQueue.o [1]
uxValueForNormallyFullQueue
                        0x20000094     0x4  Data  Gb  IntQueue.o [1]
vApplicationStackOverflowHook
                        0x00000913     0x2  Code  Gb  main.o [1]
vApplicationTickHook    0x00000915    0x14  Code  Gb  main.o [1]
vEMAC_ISR               0x0000270d    0x3e  Code  Gb  emac.o [1]
vListInitialise         0x000006e5    0x1a  Code  Gb  list.o [1]
vListInitialiseItem     0x000006ff     0x6  Code  Gb  list.o [1]
vListInsert             0x00000721    0x32  Code  Gb  list.o [1]
vListInsertEnd          0x00000705    0x1c  Code  Gb  list.o [1]
vListRemove             0x00000753    0x24  Code  Gb  list.o [1]
vPortClearInterruptMask
                        0x000007e3          Code  Gb  portasm.o [1]
vPortEnterCritical      0x00000697    0x10  Code  Gb  port.o [1]
vPortExitCritical       0x000006a7    0x10  Code  Gb  port.o [1]
vPortFree               0x00000af7    0x32  Code  Gb  heap_2.o [1]
vPortSVCHandler         0x000007f1          Code  Gb  portasm.o [1]
vPortSetInterruptMask   0x000007d5          Code  Gb  portasm.o [1]
vPortStartFirstTask     0x0000080d          Code  Gb  portasm.o [1]
vPortYieldFromISR       0x0000068d     0xa  Code  Gb  port.o [1]
vPrintDistance          0x0000209d    0x4e  Code  Gb  display.o [1]
vSetMSP                 0x00000799          Code  Gb  portasm.o [1]
vSetupHighFrequencyTimer
                        0x00000bd9    0x68  Code  Gb  timertest.o [1]
vT2InterruptHandler     0x00002775    0x1c  Code  Gb  IntQueueTimer.o [1]
vT3InterruptHandler     0x00002791    0x1c  Code  Gb  IntQueueTimer.o [1]
vTaskADC                0x0000118d    0xb8  Code  Gb  adc.o [1]
vTaskADCAverage         0x000012cb    0x2a  Code  Gb  adc.o [1]
vTaskControlMotor       0x00001655    0xb0  Code  Gb  motor.o [1]
vTaskDelay              0x0000020d    0x2e  Code  Gb  tasks.o [1]
vTaskDisplay            0x00001e89   0x1fc  Code  Gb  display.o [1]
vTaskIncrementTick      0x00000321    0xa8  Code  Gb  tasks.o [1]
vTaskPriorityDisinherit
                        0x000005dd    0x38  Code  Gb  tasks.o [1]
vTaskSpeaker            0x0000178b    0x78  Code  Gb  motor.o [1]
vTaskStartScheduler     0x0000023b    0x44  Code  Gb  tasks.o [1]
vTaskSuspendAll         0x0000027f     0xc  Code  Gb  tasks.o [1]
vTaskSwitchContext      0x000003d1    0xb8  Code  Gb  tasks.o [1]
values0                 0x20005eac   0x100  Data  Gb  adc.o [1]
values1                 0x20005fac   0x100  Data  Gb  adc.o [1]
values2                 0x200060ac   0x100  Data  Gb  adc.o [1]
values3                 0x200061ac   0x100  Data  Gb  adc.o [1]
xDelayedTaskList1       0x200064d0    0x14  Data  Lc  tasks.o [1]
xDelayedTaskList2       0x200064e4    0x14  Data  Lc  tasks.o [1]
xEMACSemaphore          0x200064f8     0x4  Data  Gb  emac.o [1]
xEnd                    0x200000e0     0x8  Data  Lc  heap_2.o [1]
xErrorLine              0x20000088     0x4  Data  Lc  IntQueue.o [1]
xErrorStatus            0x20000084     0x4  Data  Lc  IntQueue.o [1]
xFirstTimerHandler      0x00002285    0x78  Code  Gb  IntQueue.o [1]
xFreeBytesRemaining     0x200000d4     0x4  Data  Lc  heap_2.o [1]
xHeap                   0x200000e8  0x5dc0  Data  Lc  heap_2.o [1]
xHighPriorityNormallyEmptyTask1
                        0x20000098     0x4  Data  Gb  IntQueue.o [1]
xHighPriorityNormallyEmptyTask2
                        0x2000009c     0x4  Data  Gb  IntQueue.o [1]
xHighPriorityNormallyFullTask1
                        0x200000a0     0x4  Data  Gb  IntQueue.o [1]
xHighPriorityNormallyFullTask2
                        0x200000a4     0x4  Data  Gb  IntQueue.o [1]
xMACInterruptSemaphore  0x200064fc     0x4  Data  Gb  emac.o [1]
xMissedYield            0x2000004c     0x4  Data  Lc  tasks.o [1]
xNextTaskUnblockTime    0x20000058     0x4  Data  Lc  tasks.o [1]
xNormallyEmptyQueue     0x2000006c     0x4  Data  Lc  IntQueue.o [1]
xNormallyFullQueue      0x20000070     0x4  Data  Lc  IntQueue.o [1]
xNumOfOverflows         0x20000050     0x4  Data  Lc  tasks.o [1]
xPendingReadyList       0x20000000    0x14  Data  Lc  tasks.o [1]
xPortPendSVHandler      0x0000079f          Code  Gb  portasm.o [1]
xPortStartScheduler     0x0000065f    0x2e  Code  Gb  port.o [1]
xPortSysTickHandler     0x000006b7    0x1a  Code  Gb  port.o [1]
xQueueGenericSendFromISR
                        0x00002429    0x4e  Code  Gb  queue.o [1]
xQueueIsQueueFullFromISR
                        0x00002545    0x10  Code  Gb  queue.o [1]
xQueueReceiveFromISR    0x00002477    0x4c  Code  Gb  queue.o [1]
xSchedulerRunning       0x20000044     0x4  Data  Lc  tasks.o [1]
xSecondTimerHandler     0x000022fd    0xd0  Code  Gb  IntQueue.o [1]
xStart                  0x200000cc     0x8  Data  Lc  heap_2.o [1]
xSuspendedTaskList      0x2000002c    0x14  Data  Lc  tasks.o [1]
xTaskGenericCreate      0x00000101   0x10c  Code  Gb  tasks.o [1]
xTaskRemoveFromEventList
                        0x00000495    0x42  Code  Gb  tasks.o [1]
xTaskResumeAll          0x0000028b    0x96  Code  Gb  tasks.o [1]
xTasksWaitingTermination
                        0x20000014    0x14  Data  Lc  tasks.o [1]
xTickCount              0x200064c0     0x4  Data  Lc  tasks.o [1]
xTracing                0x20000064     0x4  Data  Lc  tasks.o [1]
xWasSuspended           0x2000008c     0x4  Data  Lc  IntQueue.o [1]


[1] = C:\StellarisWare\boards\ek-lm3s8962\ee472\Lab4withRTOS\FreeRTOS0\Demo\Tasks3\Debug\Obj
[2] = command line
[3] = dl7M_tln.a
[4] = driverlib.a
[5] = grlib.a
[6] = rt7M_tl.a

   9 918 bytes of readonly  code memory
     511 bytes of readonly  data memory
  26 464 bytes of readwrite data memory

Errors: none
Warnings: none
