###############################################################################
#
# IAR ELF Linker V7.20.1.7305/W32 for ARM                 21/May/2015  14:49:18
# Copyright 2007-2014 IAR Systems AB.
#
#    Output file  =  
#        C:\StellarisWare\boards\ek-lm3s8962\ee472\Lab4withRTOS\FreeRTOS0\Demo\Tasks3\Debug\Exe\RTOSDemo.out
#    Map file     =  
#        C:\StellarisWare\boards\ek-lm3s8962\ee472\Lab4withRTOS\FreeRTOS0\Demo\Tasks3\Debug\List\RTOSDemo.map
#    Command line =  
#        C:\StellarisWare\boards\ek-lm3s8962\ee472\Lab4withRTOS\FreeRTOS0\Demo\Tasks3\Debug\Obj\adc.o
#        C:\StellarisWare\boards\ek-lm3s8962\ee472\Lab4withRTOS\FreeRTOS0\Demo\Common\drivers\LuminaryMicro\IAR\driverlib.a
#        C:\StellarisWare\boards\ek-lm3s8962\ee472\Lab4withRTOS\FreeRTOS0\Demo\Tasks3\Debug\Obj\emac.o
#        C:\StellarisWare\boards\ek-lm3s8962\ee472\Lab4withRTOS\FreeRTOS0\Demo\Tasks3\Debug\Obj\formike128x128x16.o
#        C:\StellarisWare\boards\ek-lm3s8962\ee472\Lab4withRTOS\FreeRTOS0\Demo\Common\drivers\LuminaryMicro\IAR\grlib.a
#        C:\StellarisWare\boards\ek-lm3s8962\ee472\Lab4withRTOS\FreeRTOS0\Demo\Tasks3\Debug\Obj\heap_2.o
#        C:\StellarisWare\boards\ek-lm3s8962\ee472\Lab4withRTOS\FreeRTOS0\Demo\Tasks3\Debug\Obj\http-strings.o
#        C:\StellarisWare\boards\ek-lm3s8962\ee472\Lab4withRTOS\FreeRTOS0\Demo\Tasks3\Debug\Obj\httpd-cgi.o
#        C:\StellarisWare\boards\ek-lm3s8962\ee472\Lab4withRTOS\FreeRTOS0\Demo\Tasks3\Debug\Obj\httpd-fs.o
#        C:\StellarisWare\boards\ek-lm3s8962\ee472\Lab4withRTOS\FreeRTOS0\Demo\Tasks3\Debug\Obj\httpd.o
#        C:\StellarisWare\boards\ek-lm3s8962\ee472\Lab4withRTOS\FreeRTOS0\Demo\Tasks3\Debug\Obj\InterruptSetup.o
#        C:\StellarisWare\boards\ek-lm3s8962\ee472\Lab4withRTOS\FreeRTOS0\Demo\Tasks3\Debug\Obj\IntQueue.o
#        C:\StellarisWare\boards\ek-lm3s8962\ee472\Lab4withRTOS\FreeRTOS0\Demo\Tasks3\Debug\Obj\IntQueueTimer.o
#        C:\StellarisWare\boards\ek-lm3s8962\ee472\Lab4withRTOS\FreeRTOS0\Demo\Tasks3\Debug\Obj\keypad.o
#        C:\StellarisWare\boards\ek-lm3s8962\ee472\Lab4withRTOS\FreeRTOS0\Demo\Tasks3\Debug\Obj\list.o
#        C:\StellarisWare\boards\ek-lm3s8962\ee472\Lab4withRTOS\FreeRTOS0\Demo\Tasks3\Debug\Obj\main.o
#        C:\StellarisWare\boards\ek-lm3s8962\ee472\Lab4withRTOS\FreeRTOS0\Demo\Tasks3\Debug\Obj\osram128x64x4.o
#        C:\StellarisWare\boards\ek-lm3s8962\ee472\Lab4withRTOS\FreeRTOS0\Demo\Tasks3\Debug\Obj\ParTest.o
#        C:\StellarisWare\boards\ek-lm3s8962\ee472\Lab4withRTOS\FreeRTOS0\Demo\Tasks3\Debug\Obj\port.o
#        C:\StellarisWare\boards\ek-lm3s8962\ee472\Lab4withRTOS\FreeRTOS0\Demo\Tasks3\Debug\Obj\portasm.o
#        C:\StellarisWare\boards\ek-lm3s8962\ee472\Lab4withRTOS\FreeRTOS0\Demo\Tasks3\Debug\Obj\psock.o
#        C:\StellarisWare\boards\ek-lm3s8962\ee472\Lab4withRTOS\FreeRTOS0\Demo\Tasks3\Debug\Obj\queue.o
#        C:\StellarisWare\boards\ek-lm3s8962\ee472\Lab4withRTOS\FreeRTOS0\Demo\Tasks3\Debug\Obj\rit128x96x4.o
#        C:\StellarisWare\boards\ek-lm3s8962\ee472\Lab4withRTOS\FreeRTOS0\Demo\Tasks3\Debug\Obj\startup_ewarm.o
#        C:\StellarisWare\boards\ek-lm3s8962\ee472\Lab4withRTOS\FreeRTOS0\Demo\Tasks3\Debug\Obj\tasks.o
#        C:\StellarisWare\boards\ek-lm3s8962\ee472\Lab4withRTOS\FreeRTOS0\Demo\Tasks3\Debug\Obj\timer.o
#        C:\StellarisWare\boards\ek-lm3s8962\ee472\Lab4withRTOS\FreeRTOS0\Demo\Tasks3\Debug\Obj\timertest.o
#        C:\StellarisWare\boards\ek-lm3s8962\ee472\Lab4withRTOS\FreeRTOS0\Demo\Tasks3\Debug\Obj\uip.o
#        C:\StellarisWare\boards\ek-lm3s8962\ee472\Lab4withRTOS\FreeRTOS0\Demo\Tasks3\Debug\Obj\uip_arp.o
#        C:\StellarisWare\boards\ek-lm3s8962\ee472\Lab4withRTOS\FreeRTOS0\Demo\Tasks3\Debug\Obj\uIP_Task.o
#        --redirect _Printf=_PrintfSmall --redirect _Scanf=_ScanfSmall -o
#        C:\StellarisWare\boards\ek-lm3s8962\ee472\Lab4withRTOS\FreeRTOS0\Demo\Tasks3\Debug\Exe\RTOSDemo.out
#        --map
#        C:\StellarisWare\boards\ek-lm3s8962\ee472\Lab4withRTOS\FreeRTOS0\Demo\Tasks3\Debug\List\RTOSDemo.map
#        --config
#        C:\StellarisWare\boards\ek-lm3s8962\ee472\Lab4withRTOS\FreeRTOS0\Demo\Tasks3\LM3Sxxxx.icf
#        C:\StellarisWare\boards\ek-lm3s8962\ee472\Lab4withRTOS\FreeRTOS0\Demo\Tasks3\..\Common\drivers\LuminaryMicro\IAR\driverlib.a
#        C:\StellarisWare\boards\ek-lm3s8962\ee472\Lab4withRTOS\FreeRTOS0\Demo\Tasks3\..\Common\drivers\LuminaryMicro\IAR\grlib.a
#        --entry __iar_program_start --vfe
#
###############################################################################

*******************************************************************************
*** RUNTIME MODEL ATTRIBUTES
***

CppFlavor       = *
__SystemLibrary = DLib


*******************************************************************************
*** PLACEMENT SUMMARY
***

"A1":  place at start of [0x00000000-0x0003ffff] { ro section .intvec };
"P1":  place in [from 0x00000000 to 0x0003ffff] { ro };
"P2":  place in [from 0x20000000 to 0x2000ffff] { rw, block HEAP };

  Section            Kind        Address    Size  Object
  -------            ----        -------    ----  ------
"A1":                                      0x100
  .intvec            const    0x00000000   0x100  startup_ewarm.o [1]
                            - 0x00000100   0x100

"P1":                                     0x2811
  .text              ro code  0x00000100   0x62c  tasks.o [1]
  .text              ro code  0x0000072c    0xa0  port.o [1]
  .text              ro code  0x000007cc    0x92  list.o [1]
  .text              ro code  0x0000085e    0x22  zero_init3.o [6]
  CODE               ro code  0x00000880    0x8c  portasm.o [1]
  .text              ro code  0x0000090c   0x1b0  main.o [1]
  .text              ro code  0x00000abc    0x62  memcmp_unaligned.o [6]
  .text              ro code  0x00000b1e     0xa  xsprout.o [3]
  .text              ro code  0x00000b28    0xd8  heap_2.o [1]
  .text              ro code  0x00000c00    0x6c  strncpy_unaligned.o [6]
  .text              ro code  0x00000c6c    0x3a  ABImemset48.o [6]
  .text              ro code  0x00000ca6     0x6  startup_ewarm.o [1]
  .text              ro code  0x00000cac   0x4cc  rit128x96x4.o [1]
  .text              ro code  0x00001178    0xb4  adc.o [1]
  .text              ro code  0x0000122c    0xc0  keypad.o [1]
  .text              ro code  0x000012ec    0xd8  InterruptSetup.o [1]
  .text              ro code  0x000013c4   0x29c  sysctl.o [4]
  .text              ro code  0x00001660   0x120  gpio.o [4]
  .text              ro code  0x00001780   0x40a  queue.o [1]
  .text              ro code  0x00001b8c    0xb4  timertest.o [1]
  .text              ro code  0x00001c40    0x34  sprintf.o [3]
  .text              ro code  0x00001c74    0x5e  ABImemset.o [6]
  .text              ro code  0x00001cd4    0x88  ssi.o [4]
  .text              ro code  0x00001d5c    0x76  ABImemcpy_unaligned.o [6]
  .text              ro code  0x00001dd4    0x58  timer.o [4]
  .text              ro code  0x00001e2c    0x8c  interrupt.o [4]
  .text              ro code  0x00001eb8   0x4d8  xprintfsmall.o [3]
  .text              ro code  0x00002390    0x16  strchr.o [6]
  .text              ro code  0x000023a8    0x36  strlen.o [6]
  .text              ro code  0x000023e0    0x58  memchr.o [6]
  .text              ro code  0x00002438   0x1ec  IntQueue.o [1]
  .text              ro code  0x00002624    0xd2  packbits_init.o [6]
  .text              ro code  0x000026f6     0x6  abort.o [3]
  .text              ro code  0x000026fc     0xc  XXexit.o [6]
  .rodata            const    0x00002708    0x5c  sysctl.o [4]
  .text              ro code  0x00002764    0x48  emac.o [1]
  .text              ro code  0x000027ac    0x20  ethernet.o [4]
  .text              ro code  0x000027cc    0x44  IntQueueTimer.o [1]
  .rodata            const    0x00002810    0x40  interrupt.o [4]
  .text              ro code  0x00002850    0x28  data_init.o [6]
  .iar.init_table    const    0x00002878    0x2c  - Linker created -
  .text              ro code  0x000028a4    0x1a  cmain.o [6]
  .text              ro code  0x000028be     0x4  low_level_init.o [3]
  .text              ro code  0x000028c2     0x4  exit.o [3]
  .text              ro code  0x000028c8     0xa  cexit.o [6]
  .rodata            const    0x000028d4    0x10  sysctl.o [4]
  .rodata            const    0x000028e4     0xc  sysctl.o [4]
  .text              ro code  0x000028f0     0xc  cstartup_M.o [6]
  .rodata            const    0x000028fc     0x0  zero_init3.o [6]
  .rodata            const    0x000028fc     0x0  packbits_init.o [6]
  Initializer bytes  ro data  0x000028fc    0x15  <for P2 s0>
                            - 0x00002911  0x2811

"P2":                                     0x6360
  P2 s0                       0x20000000    0xd0  <Init block>
    .data            inited   0x20000000    0x6c  tasks.o [1]
    .data            inited   0x2000006c    0x54  IntQueue.o [1]
    .data            inited   0x200000c0     0xc  heap_2.o [1]
    .data            inited   0x200000cc     0x4  port.o [1]
  .bss               zero     0x200000d0  0x5dcc  heap_2.o [1]
  .bss               zero     0x20005e9c    0xc8  IntQueue.o [1]
  .bss               zero     0x20005f64    0xc8  IntQueue.o [1]
  .bss               zero     0x2000602c    0xac  tasks.o [1]
  .bss               zero     0x200060d8    0x2c  emac.o [1]
  .bss               zero     0x20006104    0x28  adc.o [1]
  .bss               zero     0x2000612c    0x20  main.o [1]
  .bss               zero     0x2000614c    0x14  rit128x96x4.o [1]
  .bss               zero     0x20006160     0xc  timertest.o [1]
  .bss               zero     0x2000616c     0x8  rit128x96x4.o [1]
  .bss               zero     0x20006174     0x4  adc.o [1]
  .bss               zero     0x20006178     0x4  InterruptSetup.o [1]
  .bss               zero     0x2000617c     0x4  main.o [1]
  .noinit            uninit   0x20006180   0x1e0  startup_ewarm.o [1]
                            - 0x20006360  0x6360


*******************************************************************************
*** INIT TABLE
***

          Address     Size
          -------     ----
Zero (__iar_zero_init3)
    1 destination range, total size 0x60b0:
          0x200000d0  0x60b0

Copy/packbits (__iar_packbits_init3)
    1 source range, total size 0x15 (10% of destination):
          0x000028fc    0x15
    1 destination range, total size 0xd0:
          0x20000000    0xd0



*******************************************************************************
*** MODULE SUMMARY
***

    Module                 ro code  ro data  rw data
    ------                 -------  -------  -------
C:\StellarisWare\boards\ek-lm3s8962\ee472\Lab4withRTOS\FreeRTOS0\Demo\Tasks3\Debug\Obj: [1]
    IntQueue.o                 492        9      484
    IntQueueTimer.o             68
    InterruptSetup.o           216                 4
    adc.o                      180                44
    emac.o                      72                44
    heap_2.o                   216        1   24 024
    keypad.o                   192
    list.o                     146
    main.o                     432                36
    port.o                     160        1        4
    portasm.o                  140
    queue.o                  1 034
    rit128x96x4.o            1 228                28
    startup_ewarm.o              6      256      480
    tasks.o                  1 580       10      280
    timertest.o                180                12
    ------------------------------------------------
    Total:                   6 342      277   25 440

command line: [2]
    ------------------------------------------------
    Total:

dl7M_tln.a: [3]
    abort.o                      6
    exit.o                       4
    low_level_init.o             4
    sprintf.o                   52
    xprintfsmall.o           1 240
    xsprout.o                   10
    ------------------------------------------------
    Total:                   1 316

driverlib.a: [4]
    ethernet.o                  32
    gpio.o                     288
    interrupt.o                140       64
    ssi.o                      136
    sysctl.o                   668      120
    timer.o                     88
    ------------------------------------------------
    Total:                   1 352      184

grlib.a: [5]
    ------------------------------------------------
    Total:

rt7M_tl.a: [6]
    ABImemcpy_unaligned.o      118
    ABImemset.o                 94
    ABImemset48.o               58
    XXexit.o                    12
    cexit.o                     10
    cmain.o                     26
    cstartup_M.o                12
    data_init.o                 40
    memchr.o                    88
    memcmp_unaligned.o          98
    packbits_init.o            210
    strchr.o                    22
    strlen.o                    54
    strncpy_unaligned.o        108
    zero_init3.o                34
    ------------------------------------------------
    Total:                     984

    Gaps                        12        2
    Linker created                       44
----------------------------------------------------
    Grand Total:            10 006      507   25 440


*******************************************************************************
*** ENTRY LIST
***

Entry                      Address    Size  Type      Object
-----                      -------    ----  ----      ------
?main                   0x000028a5          Code  Gb  cmain.o [6]
ADCInit                 0x00001179    0x2c  Code  Gb  adc.o [1]
EthernetIntClear        0x000027c9     0x4  Code  Gb  ethernet.o [4]
EthernetIntDisable      0x000027ad     0xa  Code  Gb  ethernet.o [4]
EthernetIntStatus       0x000027b9     0xe  Code  Gb  ethernet.o [4]
FaultISR                0x00000ca9     0x2  Code  Lc  startup_ewarm.o [1]
GPIODirModeSet          0x00001661    0x1e  Code  Gb  gpio.o [4]
GPIOEventHandler        0x0000135d    0x4e  Code  Gb  InterruptSetup.o [1]
GPIOPadConfigSet        0x00001695    0xac  Code  Gb  gpio.o [4]
GPIOPinTypeGPIOOutput   0x00001761    0x10  Code  Gb  gpio.o [4]
GPIOPinTypeSSI          0x00001771    0x10  Code  Gb  gpio.o [4]
GPIOPinWrite            0x00001741     0x6  Code  Gb  gpio.o [4]
InStream_Read           0x00002625    0x22  Code  Lc  packbits_init.o [6]
IntDefaultHandler       0x00000cab     0x2  Code  Lc  startup_ewarm.o [1]
IntEnable               0x00001e51    0x60  Code  Gb  interrupt.o [4]
IntPrioritySet          0x00001e2d    0x20  Code  Gb  interrupt.o [4]
LED_init                0x00000a0b    0x36  Code  Gb  main.o [1]
LED_toggle              0x00000a41     0xc  Code  Gb  main.o [1]
LoadInt                 0x00002241    0x4c  Code  Lc  xprintfsmall.o [3]
NmiSR                   0x00000ca7     0x2  Code  Lc  startup_ewarm.o [1]
RIT128x96x4Clear        0x00000d1b    0x38  Code  Gb  rit128x96x4.o [1]
RIT128x96x4Enable       0x00000e13    0x4a  Code  Gb  rit128x96x4.o [1]
RIT128x96x4Init         0x00000e6b    0x92  Code  Gb  rit128x96x4.o [1]
RIT128x96x4StringDraw   0x00000d53    0xa6  Code  Gb  rit128x96x4.o [1]
RITWriteCommand         0x00000cad    0x32  Code  Lc  rit128x96x4.o [1]
RITWriteData            0x00000cdf    0x32  Code  Lc  rit128x96x4.o [1]
Region$$Table$$Base     0x00002878           --   Gb  - Linker created -
Region$$Table$$Limit    0x000028a4           --   Gb  - Linker created -
SSIConfigSetExpClk      0x00001cd5    0x42  Code  Gb  ssi.o [4]
SSIDataGet              0x00001d3d     0xc  Code  Gb  ssi.o [4]
SSIDataGetNonBlocking   0x00001d49    0x12  Code  Gb  ssi.o [4]
SSIDataPut              0x00001d31     0xa  Code  Gb  ssi.o [4]
SSIDisable              0x00001d25     0xc  Code  Gb  ssi.o [4]
SSIEnable               0x00001d19     0xc  Code  Gb  ssi.o [4]
SysCtlClockGet          0x00001531   0x130  Code  Gb  sysctl.o [4]
SysCtlClockSet          0x00001421   0x108  Code  Gb  sysctl.o [4]
SysCtlDelay             0x00001419     0x8  Code  Gb  sysctl.o [4]
SysCtlLDOSet            0x0000140d     0x6  Code  Gb  sysctl.o [4]
SysCtlPeripheralEnable  0x000013e9    0x12  Code  Gb  sysctl.o [4]
SysCtlPeripheralPresent
                        0x000013c5    0x24  Code  Gb  sysctl.o [4]
Timer0IntHandler        0x00001bf5    0x32  Code  Gb  timertest.o [1]
TimerConfigure          0x00001de9    0x24  Code  Gb  timer.o [4]
TimerEnable             0x00001dd5     0xe  Code  Gb  timer.o [4]
TimerIntClear           0x00001e29     0x4  Code  Gb  timer.o [4]
TimerIntEnable          0x00001e1d     0xa  Code  Gb  timer.o [4]
TimerLoadSet            0x00001e0d    0x10  Code  Gb  timer.o [4]
_LitobSmall             0x0000228d    0xce  Code  Lc  xprintfsmall.o [3]
_PrintfSmall            0x00001eb9   0x382  Code  Gb  xprintfsmall.o [3]
_PutcharsSmall          0x0000235b    0x2e  Code  Lc  xprintfsmall.o [3]
_SProut                 0x00000b1f     0xa  Code  Gb  xsprout.o [3]
__aeabi_memset4         0x00000c6d          Code  Gb  ABImemset48.o [6]
__aeabi_memset8         0x00000c6d          Code  Gb  ABImemset48.o [6]
__as_entries_start      0xffffffff           --   Gb  command line/config [2]
__as_table_start        0xffffffff           --   Gb  command line/config [2]
__cmain                 0x000028a5          Code  Gb  cmain.o [6]
__exit                  0x000026fd          Code  Gb  XXexit.o [6]
__iar_Memchr            0x000023e1          Code  Gb  memchr.o [6]
__iar_Memset4_word      0x00000c75          Code  Gb  ABImemset48.o [6]
__iar_Memset8_word      0x00000c75          Code  Gb  ABImemset48.o [6]
__iar_Memset_word       0x00001c75          Code  Gb  ABImemset.o [6]
__iar_Strchr            0x00002391          Code  Gb  strchr.o [6]
__iar_data_init3        0x00002851    0x28  Code  Gb  data_init.o [6]
__iar_packbits_init3    0x00002647    0xb0  Code  Gb  packbits_init.o [6]
__iar_program_start     0x000028f1          Code  Gb  cstartup_M.o [6]
__iar_unaligned___aeabi_memcpy
                        0x00001d5d          Code  Gb  ABImemcpy_unaligned.o [6]
__iar_unaligned___aeabi_memcpy4
                        0x00001d7d          Code  Gb  ABImemcpy_unaligned.o [6]
__iar_unaligned___aeabi_memcpy8
                        0x00001d7d          Code  Gb  ABImemcpy_unaligned.o [6]
__iar_unaligned_memcmp  0x00000abd          Code  Gb  memcmp_unaligned.o [6]
__iar_unaligned_strncpy
                        0x00000c01          Code  Gb  strncpy_unaligned.o [6]
__iar_zero_init3        0x0000085f    0x22  Code  Gb  zero_init3.o [6]
__low_level_init        0x000028bf     0x4  Code  Gb  low_level_init.o [3]
__vector_table          0x00000000   0x100  Data  Gb  startup_ewarm.o [1]
_call_main              0x000028b1          Code  Gb  cmain.o [6]
_exit                   0x000028c9          Code  Gb  cexit.o [6]
_main                   0x000028bb          Code  Gb  cmain.o [6]
abort                   0x000026f7     0x6  Code  Gb  abort.o [3]
avg0                    0x20006108     0x4  Data  Gb  adc.o [1]
avg1                    0x2000610c     0x4  Data  Gb  adc.o [1]
avg2                    0x20006110     0x4  Data  Gb  adc.o [1]
avg3                    0x20006114     0x4  Data  Gb  adc.o [1]
debounce                0x20006178     0x4  Data  Gb  InterruptSetup.o [1]
debugHeight             0x000011c5    0x58  Code  Gb  adc.o [1]
delay                   0x00000a81    0x28  Code  Gb  main.o [1]
doAverage               0x20006104     0x4  Data  Gb  adc.o [1]
exit                    0x000028c3     0x4  Code  Gb  exit.o [3]
g_bSSIEnabled           0x2000614c     0x1  Data  Lc  rit128x96x4.o [1]
g_pucBuffer             0x2000616c     0x8  Data  Lc  rit128x96x4.o [1]
g_pucFont               0x00000f40   0x1e0  Data  Lc  rit128x96x4.o [1]
g_pucRIT128x96x4HorizontalInc
                        0x00000f3c     0x2  Data  Lc  rit128x96x4.o [1]
g_pucRIT128x96x4Init    0x00001120    0x50  Data  Lc  rit128x96x4.o [1]
g_pucRIT128x96x4VerticalInc
                        0x00000f38     0x2  Data  Lc  rit128x96x4.o [1]
g_pulDCRegs             0x000028d4    0x10  Data  Lc  sysctl.o [4]
g_pulRCGCRegs           0x000028e4     0xc  Data  Lc  sysctl.o [4]
g_pulRegs               0x00002810    0x40  Data  Lc  interrupt.o [4]
g_pulXtals              0x00002708    0x5c  Data  Lc  sysctl.o [4]
gateKeeper              0x20006128     0x4  Data  Gb  adc.o [1]
getKey                  0x0000122d    0x4c  Code  Gb  keypad.o [1]
i                       0x20006174     0x4  Data  Gb  adc.o [1]
init_GPIOE              0x000012ed    0x36  Code  Gb  InterruptSetup.o [1]
init_GPIOF              0x00001323    0x3a  Code  Gb  InterruptSetup.o [1]
key_init                0x00001279    0x56  Code  Gb  keypad.o [1]
main                    0x0000090d    0x9e  Code  Gb  main.o [1]
memchr                  0x000023e1          Code  Gb  memchr.o [6]
pcTraceBuffer           0x200060ac     0x4  Data  Lc  tasks.o [1]
pcTraceBufferEnd        0x20000060     0x4  Data  Lc  tasks.o [1]
pcTraceBufferStart      0x2000005c     0x4  Data  Lc  tasks.o [1]
prvAddCurrentTaskToDelayedList
                        0x000005df    0x34  Code  Lc  tasks.o [1]
prvAllocateTCBAndStack  0x00000613    0x36  Code  Lc  tasks.o [1]
prvCopyDataFromQueue    0x00001af5    0x26  Code  Lc  queue.o [1]
prvCopyDataToQueue      0x00001a99    0x5c  Code  Lc  queue.o [1]
prvIdleTask             0x00000555    0x4c  Code  Lc  tasks.o [1]
prvInitialiseTCBVariables
                        0x000005a1    0x3e  Code  Lc  tasks.o [1]
prvQueueAccessLogError  0x00002473     0xc  Code  Lc  IntQueue.o [1]
prvRecordValue_NormallyEmpty
                        0x00002455    0x1e  Code  Lc  IntQueue.o [1]
prvRecordValue_NormallyFull
                        0x00002439    0x1c  Code  Lc  IntQueue.o [1]
prvUnlockQueue          0x00001b1b    0x60  Code  Lc  queue.o [1]
pulStack                0x20006180   0x1e0  Data  Lc  startup_ewarm.o [1]
pvPortMalloc            0x00000b29    0x9e  Code  Gb  heap_2.o [1]
pxCurrentTCB            0x2000602c     0x4  Data  Gb  tasks.o [1]
pxDelayedTaskList       0x20006094     0x4  Data  Lc  tasks.o [1]
pxOverflowDelayedTaskList
                        0x20006098     0x4  Data  Lc  tasks.o [1]
pxPortInitialiseStack   0x0000072d    0x1a  Code  Gb  port.o [1]
pxReadyTasksLists       0x20006030    0x64  Data  Lc  tasks.o [1]
sprintf                 0x00001c41    0x34  Code  Gb  sprintf.o [3]
strchr                  0x00002391          Code  Gb  strchr.o [6]
strlen                  0x000023a9          Code  Gb  strlen.o [6]
total0                  0x20006118     0x4  Data  Gb  adc.o [1]
total1                  0x2000611c     0x4  Data  Gb  adc.o [1]
total2                  0x20006120     0x4  Data  Gb  adc.o [1]
total3                  0x20006124     0x4  Data  Gb  adc.o [1]
ucNormallyEmptyReceivedValues
                        0x20005e9c    0xc8  Data  Lc  IntQueue.o [1]
ucNormallyFullReceivedValues
                        0x20005f64    0xc8  Data  Lc  IntQueue.o [1]
uip_buf                 0x200060e0     0x4  Data  Gb  emac.o [1]
ulGPIOBase              0x20006154     0x4  Data  Gb  rit128x96x4.o [1]
ulGPIOId                0x20006150     0x4  Data  Gb  rit128x96x4.o [1]
ulMaxJitter             0x20006160     0x4  Data  Gb  timertest.o [1]
ulNextTxSpace           0x200060f8     0x4  Data  Lc  emac.o [1]
ulOLEDDC_PIN            0x20006158     0x4  Data  Gb  rit128x96x4.o [1]
ulOLEDEN_PIN            0x2000615c     0x4  Data  Gb  rit128x96x4.o [1]
ulRxLength              0x200060e4    0x14  Data  Lc  emac.o [1]
usTaskCheckFreeStackSpace
                        0x00000649    0x14  Code  Lc  tasks.o [1]
uxCriticalNesting       0x200000cc     0x4  Data  Lc  port.o [1]
uxCurrentNumberOfTasks  0x2000609c     0x4  Data  Lc  tasks.o [1]
uxHighPriorityLoops1    0x20000074     0x4  Data  Lc  IntQueue.o [1]
uxHighPriorityLoops2    0x20000078     0x4  Data  Lc  IntQueue.o [1]
uxLowPriorityLoops1     0x2000007c     0x4  Data  Lc  IntQueue.o [1]
uxLowPriorityLoops2     0x20000080     0x4  Data  Lc  IntQueue.o [1]
uxMissedTicks           0x20000048     0x4  Data  Lc  tasks.o [1]
uxPreviousTask          0x20000068     0x4  Data  Lc  tasks.o [1]
uxSchedulerSuspended    0x200060a8     0x4  Data  Lc  tasks.o [1]
uxTaskGetStackHighWaterMark
                        0x0000065d     0xa  Code  Gb  tasks.o [1]
uxTaskNumber            0x20000054     0x4  Data  Lc  tasks.o [1]
uxTasksDeleted          0x20000028     0x4  Data  Lc  tasks.o [1]
uxTopReadyPriority      0x200060a4     0x4  Data  Lc  tasks.o [1]
uxTopUsedPriority       0x20000040     0x4  Data  Lc  tasks.o [1]
uxValueForNormallyEmptyQueue
                        0x20000090     0x4  Data  Gb  IntQueue.o [1]
uxValueForNormallyFullQueue
                        0x20000094     0x4  Data  Gb  IntQueue.o [1]
vApplicationStackOverflowHook
                        0x000009f5     0x2  Code  Gb  main.o [1]
vApplicationTickHook    0x000009f7    0x14  Code  Gb  main.o [1]
vEMAC_ISR               0x00002765    0x3e  Code  Gb  emac.o [1]
vListInitialise         0x000007cd    0x1a  Code  Gb  list.o [1]
vListInitialiseItem     0x000007e7     0x6  Code  Gb  list.o [1]
vListInsert             0x00000809    0x32  Code  Gb  list.o [1]
vListInsertEnd          0x000007ed    0x1c  Code  Gb  list.o [1]
vListRemove             0x0000083b    0x24  Code  Gb  list.o [1]
vOLEDTask               0x000009ad    0x48  Code  Lc  main.o [1]
vPortClearInterruptMask
                        0x000008cb          Code  Gb  portasm.o [1]
vPortEnterCritical      0x0000077f    0x10  Code  Gb  port.o [1]
vPortExitCritical       0x0000078f    0x10  Code  Gb  port.o [1]
vPortFree               0x00000bc7    0x32  Code  Gb  heap_2.o [1]
vPortSVCHandler         0x000008d9          Code  Gb  portasm.o [1]
vPortSetInterruptMask   0x000008bd          Code  Gb  portasm.o [1]
vPortStartFirstTask     0x000008f5          Code  Gb  portasm.o [1]
vPortYieldFromISR       0x00000775     0xa  Code  Gb  port.o [1]
vSetMSP                 0x00000881          Code  Gb  portasm.o [1]
vSetupHighFrequencyTimer
                        0x00001b8d    0x68  Code  Gb  timertest.o [1]
vT2InterruptHandler     0x000027cd    0x1c  Code  Gb  IntQueueTimer.o [1]
vT3InterruptHandler     0x000027e9    0x1c  Code  Gb  IntQueueTimer.o [1]
vTaskADC                0x000011a5    0x20  Code  Gb  adc.o [1]
vTaskIncrementTick      0x000002f3    0xa8  Code  Gb  tasks.o [1]
vTaskMissedYield        0x00000549     0x8  Code  Gb  tasks.o [1]
vTaskPlaceOnEventList   0x00000467    0x34  Code  Gb  tasks.o [1]
vTaskPriorityDisinherit
                        0x000006c1    0x38  Code  Gb  tasks.o [1]
vTaskPriorityInherit    0x0000066d    0x54  Code  Gb  tasks.o [1]
vTaskSetTimeOutState    0x000004ef     0xe  Code  Gb  tasks.o [1]
vTaskStartScheduler     0x0000020d    0x44  Code  Gb  tasks.o [1]
vTaskSuspendAll         0x00000251     0xc  Code  Gb  tasks.o [1]
vTaskSwitchContext      0x000003a3    0xb8  Code  Gb  tasks.o [1]
xDelayedTaskList1       0x200060b0    0x14  Data  Lc  tasks.o [1]
xDelayedTaskList2       0x200060c4    0x14  Data  Lc  tasks.o [1]
xEMACSemaphore          0x200060d8     0x4  Data  Gb  emac.o [1]
xEnd                    0x200000d0     0x8  Data  Lc  heap_2.o [1]
xErrorLine              0x20000088     0x4  Data  Lc  IntQueue.o [1]
xErrorStatus            0x20000084     0x4  Data  Lc  IntQueue.o [1]
xFirstTimerHandler      0x00002481    0x78  Code  Gb  IntQueue.o [1]
xFreeBytesRemaining     0x200000c8     0x4  Data  Lc  heap_2.o [1]
xHeap                   0x200000d8  0x5dc0  Data  Lc  heap_2.o [1]
xHighPriorityNormallyEmptyTask1
                        0x20000098     0x4  Data  Gb  IntQueue.o [1]
xHighPriorityNormallyEmptyTask2
                        0x2000009c     0x4  Data  Gb  IntQueue.o [1]
xHighPriorityNormallyFullTask1
                        0x200000a0     0x4  Data  Gb  IntQueue.o [1]
xHighPriorityNormallyFullTask2
                        0x200000a4     0x4  Data  Gb  IntQueue.o [1]
xMACInterruptSemaphore  0x200060dc     0x4  Data  Gb  emac.o [1]
xMissedYield            0x2000004c     0x4  Data  Lc  tasks.o [1]
xNextTaskUnblockTime    0x20000058     0x4  Data  Lc  tasks.o [1]
xNormallyEmptyQueue     0x2000006c     0x4  Data  Lc  IntQueue.o [1]
xNormallyFullQueue      0x20000070     0x4  Data  Lc  IntQueue.o [1]
xNumOfOverflows         0x20000050     0x4  Data  Lc  tasks.o [1]
xOLEDQueue              0x2000612c     0x4  Data  Gb  main.o [1]
xPendingReadyList       0x20000000    0x14  Data  Lc  tasks.o [1]
xPortPendSVHandler      0x00000887          Code  Gb  portasm.o [1]
xPortStartScheduler     0x00000747    0x2e  Code  Gb  port.o [1]
xPortSysTickHandler     0x0000079f    0x1a  Code  Gb  port.o [1]
xQueueCreate            0x00001781    0x5a  Code  Gb  queue.o [1]
xQueueCreateMutex       0x000017db    0x34  Code  Gb  queue.o [1]
xQueueGenericReceive    0x00001943    0xf8  Code  Gb  queue.o [1]
xQueueGenericSend       0x00001829    0xcc  Code  Gb  queue.o [1]
xQueueGenericSendFromISR
                        0x000018f5    0x4e  Code  Gb  queue.o [1]
xQueueIsQueueFullFromISR
                        0x00001b7b    0x10  Code  Gb  queue.o [1]
xQueueReceiveFromISR    0x00001a4d    0x4c  Code  Gb  queue.o [1]
xSchedulerRunning       0x20000044     0x4  Data  Lc  tasks.o [1]
xSecondTimerHandler     0x000024f9    0xd0  Code  Gb  IntQueue.o [1]
xStart                  0x200000c0     0x8  Data  Lc  heap_2.o [1]
xSuspendedTaskList      0x2000002c    0x14  Data  Lc  tasks.o [1]
xTaskCheckForTimeOut    0x000004ff    0x4a  Code  Gb  tasks.o [1]
xTaskGenericCreate      0x00000101   0x10c  Code  Gb  tasks.o [1]
xTaskGetCurrentTaskHandle
                        0x00000667     0x6  Code  Gb  tasks.o [1]
xTaskRemoveFromEventList
                        0x0000049b    0x42  Code  Gb  tasks.o [1]
xTaskResumeAll          0x0000025d    0x96  Code  Gb  tasks.o [1]
xTasksWaitingTermination
                        0x20000014    0x14  Data  Lc  tasks.o [1]
xTickCount              0x200060a0     0x4  Data  Lc  tasks.o [1]
xTracing                0x20000064     0x4  Data  Lc  tasks.o [1]
xWasSuspended           0x2000008c     0x4  Data  Lc  IntQueue.o [1]


[1] = C:\StellarisWare\boards\ek-lm3s8962\ee472\Lab4withRTOS\FreeRTOS0\Demo\Tasks3\Debug\Obj
[2] = command line
[3] = dl7M_tln.a
[4] = driverlib.a
[5] = grlib.a
[6] = rt7M_tl.a

  10 006 bytes of readonly  code memory
     507 bytes of readonly  data memory
  25 440 bytes of readwrite data memory

Errors: none
Warnings: none
