###############################################################################
#
# IAR ELF Linker V7.20.1.7305/W32 for ARM                 21/May/2015  19:55:29
# Copyright 2007-2014 IAR Systems AB.
#
#    Output file  =  
#        C:\StellarisWare\boards\ek-lm3s8962\ee472\Lab4withRTOS\FreeRTOS0\Demo\Tasks3\Debug\Exe\RTOSDemo.out
#    Map file     =  
#        C:\StellarisWare\boards\ek-lm3s8962\ee472\Lab4withRTOS\FreeRTOS0\Demo\Tasks3\Debug\List\RTOSDemo.map
#    Command line =  
#        C:\StellarisWare\boards\ek-lm3s8962\ee472\Lab4withRTOS\FreeRTOS0\Demo\Tasks3\Debug\Obj\adc.o
#        C:\StellarisWare\boards\ek-lm3s8962\ee472\Lab4withRTOS\FreeRTOS0\Demo\Common\drivers\LuminaryMicro\IAR\driverlib.a
#        C:\StellarisWare\boards\ek-lm3s8962\ee472\Lab4withRTOS\FreeRTOS0\Demo\Tasks3\Debug\Obj\emac.o
#        C:\StellarisWare\boards\ek-lm3s8962\ee472\Lab4withRTOS\FreeRTOS0\Demo\Tasks3\Debug\Obj\formike128x128x16.o
#        C:\StellarisWare\boards\ek-lm3s8962\ee472\Lab4withRTOS\FreeRTOS0\Demo\Common\drivers\LuminaryMicro\IAR\grlib.a
#        C:\StellarisWare\boards\ek-lm3s8962\ee472\Lab4withRTOS\FreeRTOS0\Demo\Tasks3\Debug\Obj\heap_2.o
#        C:\StellarisWare\boards\ek-lm3s8962\ee472\Lab4withRTOS\FreeRTOS0\Demo\Tasks3\Debug\Obj\http-strings.o
#        C:\StellarisWare\boards\ek-lm3s8962\ee472\Lab4withRTOS\FreeRTOS0\Demo\Tasks3\Debug\Obj\httpd-cgi.o
#        C:\StellarisWare\boards\ek-lm3s8962\ee472\Lab4withRTOS\FreeRTOS0\Demo\Tasks3\Debug\Obj\httpd-fs.o
#        C:\StellarisWare\boards\ek-lm3s8962\ee472\Lab4withRTOS\FreeRTOS0\Demo\Tasks3\Debug\Obj\httpd.o
#        C:\StellarisWare\boards\ek-lm3s8962\ee472\Lab4withRTOS\FreeRTOS0\Demo\Tasks3\Debug\Obj\InterruptSetup.o
#        C:\StellarisWare\boards\ek-lm3s8962\ee472\Lab4withRTOS\FreeRTOS0\Demo\Tasks3\Debug\Obj\IntQueue.o
#        C:\StellarisWare\boards\ek-lm3s8962\ee472\Lab4withRTOS\FreeRTOS0\Demo\Tasks3\Debug\Obj\IntQueueTimer.o
#        C:\StellarisWare\boards\ek-lm3s8962\ee472\Lab4withRTOS\FreeRTOS0\Demo\Tasks3\Debug\Obj\keypad.o
#        C:\StellarisWare\boards\ek-lm3s8962\ee472\Lab4withRTOS\FreeRTOS0\Demo\Tasks3\Debug\Obj\list.o
#        C:\StellarisWare\boards\ek-lm3s8962\ee472\Lab4withRTOS\FreeRTOS0\Demo\Tasks3\Debug\Obj\main.o
#        C:\StellarisWare\boards\ek-lm3s8962\ee472\Lab4withRTOS\FreeRTOS0\Demo\Tasks3\Debug\Obj\osram128x64x4.o
#        C:\StellarisWare\boards\ek-lm3s8962\ee472\Lab4withRTOS\FreeRTOS0\Demo\Tasks3\Debug\Obj\ParTest.o
#        C:\StellarisWare\boards\ek-lm3s8962\ee472\Lab4withRTOS\FreeRTOS0\Demo\Tasks3\Debug\Obj\port.o
#        C:\StellarisWare\boards\ek-lm3s8962\ee472\Lab4withRTOS\FreeRTOS0\Demo\Tasks3\Debug\Obj\portasm.o
#        C:\StellarisWare\boards\ek-lm3s8962\ee472\Lab4withRTOS\FreeRTOS0\Demo\Tasks3\Debug\Obj\psock.o
#        C:\StellarisWare\boards\ek-lm3s8962\ee472\Lab4withRTOS\FreeRTOS0\Demo\Tasks3\Debug\Obj\queue.o
#        C:\StellarisWare\boards\ek-lm3s8962\ee472\Lab4withRTOS\FreeRTOS0\Demo\Tasks3\Debug\Obj\rit128x96x4.o
#        C:\StellarisWare\boards\ek-lm3s8962\ee472\Lab4withRTOS\FreeRTOS0\Demo\Tasks3\Debug\Obj\startup_ewarm.o
#        C:\StellarisWare\boards\ek-lm3s8962\ee472\Lab4withRTOS\FreeRTOS0\Demo\Tasks3\Debug\Obj\tasks.o
#        C:\StellarisWare\boards\ek-lm3s8962\ee472\Lab4withRTOS\FreeRTOS0\Demo\Tasks3\Debug\Obj\timer.o
#        C:\StellarisWare\boards\ek-lm3s8962\ee472\Lab4withRTOS\FreeRTOS0\Demo\Tasks3\Debug\Obj\timertest.o
#        C:\StellarisWare\boards\ek-lm3s8962\ee472\Lab4withRTOS\FreeRTOS0\Demo\Tasks3\Debug\Obj\uip.o
#        C:\StellarisWare\boards\ek-lm3s8962\ee472\Lab4withRTOS\FreeRTOS0\Demo\Tasks3\Debug\Obj\uip_arp.o
#        C:\StellarisWare\boards\ek-lm3s8962\ee472\Lab4withRTOS\FreeRTOS0\Demo\Tasks3\Debug\Obj\uIP_Task.o
#        --redirect _Printf=_PrintfSmall --redirect _Scanf=_ScanfSmall -o
#        C:\StellarisWare\boards\ek-lm3s8962\ee472\Lab4withRTOS\FreeRTOS0\Demo\Tasks3\Debug\Exe\RTOSDemo.out
#        --map
#        C:\StellarisWare\boards\ek-lm3s8962\ee472\Lab4withRTOS\FreeRTOS0\Demo\Tasks3\Debug\List\RTOSDemo.map
#        --config
#        C:\StellarisWare\boards\ek-lm3s8962\ee472\Lab4withRTOS\FreeRTOS0\Demo\Tasks3\LM3Sxxxx.icf
#        C:\StellarisWare\boards\ek-lm3s8962\ee472\Lab4withRTOS\FreeRTOS0\Demo\Tasks3\..\Common\drivers\LuminaryMicro\IAR\driverlib.a
#        C:\StellarisWare\boards\ek-lm3s8962\ee472\Lab4withRTOS\FreeRTOS0\Demo\Tasks3\..\Common\drivers\LuminaryMicro\IAR\grlib.a
#        --entry __iar_program_start --vfe
#
###############################################################################

*******************************************************************************
*** RUNTIME MODEL ATTRIBUTES
***

CppFlavor       = *
__SystemLibrary = DLib


*******************************************************************************
*** PLACEMENT SUMMARY
***

"A1":  place at start of [0x00000000-0x0003ffff] { ro section .intvec };
"P1":  place in [from 0x00000000 to 0x0003ffff] { ro };
"P2":  place in [from 0x20000000 to 0x2000ffff] { rw, block HEAP };

  Section            Kind        Address    Size  Object
  -------            ----        -------    ----  ------
"A1":                                      0x100
  .intvec            const    0x00000000   0x100  startup_ewarm.o [1]
                            - 0x00000100   0x100

"P1":                                     0x1fe1
  .text              ro code  0x00000100   0x544  tasks.o [1]
  .text              ro code  0x00000644    0xa0  port.o [1]
  .text              ro code  0x000006e4    0x92  list.o [1]
  .text              ro code  0x00000776    0x22  zero_init3.o [6]
  CODE               ro code  0x00000798    0x8c  portasm.o [1]
  .text              ro code  0x00000824   0x16c  main.o [1]
  .text              ro code  0x00000990    0x62  memcmp_unaligned.o [6]
  .text              ro code  0x000009f2     0x6  startup_ewarm.o [1]
  .text              ro code  0x000009f8    0xd8  heap_2.o [1]
  .text              ro code  0x00000ad0    0x6c  strncpy_unaligned.o [6]
  .text              ro code  0x00000b3c    0x3a  ABImemset48.o [6]
  .text              ro code  0x00000b78   0x4cc  rit128x96x4.o [1]
  .text              ro code  0x00001044   0x1ec  adc.o [1]
  .text              ro code  0x00001230    0xc0  keypad.o [1]
  .text              ro code  0x000012f0    0xcc  InterruptSetup.o [1]
  .text              ro code  0x000013bc   0x29c  sysctl.o [4]
  .text              ro code  0x00001658   0x120  gpio.o [4]
  .text              ro code  0x00001778   0x196  queue.o [1]
  .text              ro code  0x00001910    0xb4  timertest.o [1]
  .text              ro code  0x000019c4    0x5e  ABImemset.o [6]
  .text              ro code  0x00001a24    0x88  ssi.o [4]
  .text              ro code  0x00001aac    0x76  ABImemcpy_unaligned.o [6]
  .text              ro code  0x00001b24    0x58  timer.o [4]
  .text              ro code  0x00001b7c    0x8c  interrupt.o [4]
  .text              ro code  0x00001c08   0x1ec  IntQueue.o [1]
  .text              ro code  0x00001df4    0xd2  packbits_init.o [6]
  .text              ro code  0x00001ec6     0x6  abort.o [3]
  .text              ro code  0x00001ecc     0xc  XXexit.o [6]
  .rodata            const    0x00001ed8    0x5c  sysctl.o [4]
  .text              ro code  0x00001f34    0x48  emac.o [1]
  .text              ro code  0x00001f7c    0x20  ethernet.o [4]
  .text              ro code  0x00001f9c    0x44  IntQueueTimer.o [1]
  .rodata            const    0x00001fe0    0x40  interrupt.o [4]
  .text              ro code  0x00002020    0x28  data_init.o [6]
  .iar.init_table    const    0x00002048    0x2c  - Linker created -
  .text              ro code  0x00002074    0x1a  cmain.o [6]
  .text              ro code  0x0000208e     0x4  low_level_init.o [3]
  .text              ro code  0x00002092     0x4  exit.o [3]
  .text              ro code  0x00002098     0xa  cexit.o [6]
  .rodata            const    0x000020a4    0x10  sysctl.o [4]
  .rodata            const    0x000020b4     0xc  sysctl.o [4]
  .text              ro code  0x000020c0     0xc  cstartup_M.o [6]
  .rodata            const    0x000020cc     0x0  zero_init3.o [6]
  .rodata            const    0x000020cc     0x0  packbits_init.o [6]
  Initializer bytes  ro data  0x000020cc    0x15  <for P2 s0>
                            - 0x000020e1  0x1fe1

"P2":                                     0x6748
  P2 s0                       0x20000000    0xd0  <Init block>
    .data            inited   0x20000000    0x6c  tasks.o [1]
    .data            inited   0x2000006c    0x54  IntQueue.o [1]
    .data            inited   0x200000c0     0xc  heap_2.o [1]
    .data            inited   0x200000cc     0x4  port.o [1]
  .bss               zero     0x200000d0  0x5dcc  heap_2.o [1]
  .bss               zero     0x20005e9c   0x410  adc.o [1]
  .bss               zero     0x200062ac    0xc8  IntQueue.o [1]
  .bss               zero     0x20006374    0xc8  IntQueue.o [1]
  .bss               zero     0x2000643c    0xac  tasks.o [1]
  .bss               zero     0x200064e8    0x2c  emac.o [1]
  .bss               zero     0x20006514    0x20  adc.o [1]
  .bss               zero     0x20006534    0x14  rit128x96x4.o [1]
  .bss               zero     0x20006548     0xc  timertest.o [1]
  .bss               zero     0x20006554     0x8  rit128x96x4.o [1]
  .bss               zero     0x2000655c     0x4  InterruptSetup.o [1]
  .bss               zero     0x20006560     0x4  main.o [1]
  .bss               zero     0x20006564     0x4  main.o [1]
  .noinit            uninit   0x20006568   0x1e0  startup_ewarm.o [1]
                            - 0x20006748  0x6748


*******************************************************************************
*** INIT TABLE
***

          Address     Size
          -------     ----
Zero (__iar_zero_init3)
    1 destination range, total size 0x6498:
          0x200000d0  0x6498

Copy/packbits (__iar_packbits_init3)
    1 source range, total size 0x15 (10% of destination):
          0x000020cc    0x15
    1 destination range, total size 0xd0:
          0x20000000    0xd0



*******************************************************************************
*** MODULE SUMMARY
***

    Module                 ro code  ro data  rw data
    ------                 -------  -------  -------
C:\StellarisWare\boards\ek-lm3s8962\ee472\Lab4withRTOS\FreeRTOS0\Demo\Tasks3\Debug\Obj: [1]
    IntQueue.o                 492        9      484
    IntQueueTimer.o             68
    InterruptSetup.o           204                 4
    adc.o                      492             1 072
    emac.o                      72                44
    heap_2.o                   216        1   24 024
    keypad.o                   192
    list.o                     146
    main.o                     364                 8
    port.o                     160        1        4
    portasm.o                  140
    queue.o                    406
    rit128x96x4.o            1 228                28
    startup_ewarm.o              6      256      480
    tasks.o                  1 348       10      280
    timertest.o                180                12
    ------------------------------------------------
    Total:                   5 714      277   26 440

command line: [2]
    ------------------------------------------------
    Total:

dl7M_tln.a: [3]
    abort.o                      6
    exit.o                       4
    low_level_init.o             4
    ------------------------------------------------
    Total:                      14

driverlib.a: [4]
    ethernet.o                  32
    gpio.o                     288
    interrupt.o                140       64
    ssi.o                      136
    sysctl.o                   668      120
    timer.o                     88
    ------------------------------------------------
    Total:                   1 352      184

grlib.a: [5]
    ------------------------------------------------
    Total:

rt7M_tl.a: [6]
    ABImemcpy_unaligned.o      118
    ABImemset.o                 94
    ABImemset48.o               58
    XXexit.o                    12
    cexit.o                     10
    cmain.o                     26
    cstartup_M.o                12
    data_init.o                 40
    memcmp_unaligned.o          98
    packbits_init.o            210
    strncpy_unaligned.o        108
    zero_init3.o                34
    ------------------------------------------------
    Total:                     820

    Gaps                        10        2
    Linker created                       44
----------------------------------------------------
    Grand Total:             7 910      507   26 440


*******************************************************************************
*** ENTRY LIST
***

Entry                      Address    Size  Type      Object
-----                      -------    ----  ----      ------
?main                   0x00002075          Code  Gb  cmain.o [6]
ADCInit                 0x00001045    0x34  Code  Gb  adc.o [1]
EthernetIntClear        0x00001f99     0x4  Code  Gb  ethernet.o [4]
EthernetIntDisable      0x00001f7d     0xa  Code  Gb  ethernet.o [4]
EthernetIntStatus       0x00001f89     0xe  Code  Gb  ethernet.o [4]
FaultISR                0x000009f5     0x2  Code  Lc  startup_ewarm.o [1]
GPIODirModeSet          0x00001659    0x1e  Code  Gb  gpio.o [4]
GPIOEventHandler        0x00001361    0x44  Code  Gb  InterruptSetup.o [1]
GPIOPadConfigSet        0x0000168d    0xac  Code  Gb  gpio.o [4]
GPIOPinTypeGPIOOutput   0x00001759    0x10  Code  Gb  gpio.o [4]
GPIOPinTypeSSI          0x00001769    0x10  Code  Gb  gpio.o [4]
GPIOPinWrite            0x00001739     0x6  Code  Gb  gpio.o [4]
InStream_Read           0x00001df5    0x22  Code  Lc  packbits_init.o [6]
IntDefaultHandler       0x000009f7     0x2  Code  Lc  startup_ewarm.o [1]
IntEnable               0x00001ba1    0x60  Code  Gb  interrupt.o [4]
IntPrioritySet          0x00001b7d    0x20  Code  Gb  interrupt.o [4]
LED_init                0x000008d9    0x36  Code  Gb  main.o [1]
LED_toggle              0x0000090f     0xc  Code  Gb  main.o [1]
LookupDistanceTable     0x00001189    0x30  Code  Gb  adc.o [1]
NmiSR                   0x000009f3     0x2  Code  Lc  startup_ewarm.o [1]
RIT128x96x4Clear        0x00000be7    0x38  Code  Gb  rit128x96x4.o [1]
RIT128x96x4Enable       0x00000cdf    0x4a  Code  Gb  rit128x96x4.o [1]
RIT128x96x4Init         0x00000d37    0x92  Code  Gb  rit128x96x4.o [1]
RIT128x96x4StringDraw   0x00000c1f    0xa6  Code  Gb  rit128x96x4.o [1]
RITWriteCommand         0x00000b79    0x32  Code  Lc  rit128x96x4.o [1]
RITWriteData            0x00000bab    0x32  Code  Lc  rit128x96x4.o [1]
Region$$Table$$Base     0x00002048           --   Gb  - Linker created -
Region$$Table$$Limit    0x00002074           --   Gb  - Linker created -
SSIConfigSetExpClk      0x00001a25    0x42  Code  Gb  ssi.o [4]
SSIDataGet              0x00001a8d     0xc  Code  Gb  ssi.o [4]
SSIDataGetNonBlocking   0x00001a99    0x12  Code  Gb  ssi.o [4]
SSIDataPut              0x00001a81     0xa  Code  Gb  ssi.o [4]
SSIDisable              0x00001a75     0xc  Code  Gb  ssi.o [4]
SSIEnable               0x00001a69     0xc  Code  Gb  ssi.o [4]
SysCtlClockGet          0x00001529   0x130  Code  Gb  sysctl.o [4]
SysCtlClockSet          0x00001419   0x108  Code  Gb  sysctl.o [4]
SysCtlDelay             0x00001411     0x8  Code  Gb  sysctl.o [4]
SysCtlLDOSet            0x00001405     0x6  Code  Gb  sysctl.o [4]
SysCtlPeripheralEnable  0x000013e1    0x12  Code  Gb  sysctl.o [4]
SysCtlPeripheralPresent
                        0x000013bd    0x24  Code  Gb  sysctl.o [4]
Timer0IntHandler        0x00001979    0x32  Code  Gb  timertest.o [1]
TimerConfigure          0x00001b39    0x24  Code  Gb  timer.o [4]
TimerEnable             0x00001b25     0xe  Code  Gb  timer.o [4]
TimerIntClear           0x00001b79     0x4  Code  Gb  timer.o [4]
TimerIntEnable          0x00001b6d     0xa  Code  Gb  timer.o [4]
TimerLoadSet            0x00001b5d    0x10  Code  Gb  timer.o [4]
__aeabi_memset4         0x00000b3d          Code  Gb  ABImemset48.o [6]
__aeabi_memset8         0x00000b3d          Code  Gb  ABImemset48.o [6]
__as_entries_start      0xffffffff           --   Gb  command line/config [2]
__as_table_start        0xffffffff           --   Gb  command line/config [2]
__cmain                 0x00002075          Code  Gb  cmain.o [6]
__exit                  0x00001ecd          Code  Gb  XXexit.o [6]
__iar_Memset4_word      0x00000b45          Code  Gb  ABImemset48.o [6]
__iar_Memset8_word      0x00000b45          Code  Gb  ABImemset48.o [6]
__iar_Memset_word       0x000019c5          Code  Gb  ABImemset.o [6]
__iar_data_init3        0x00002021    0x28  Code  Gb  data_init.o [6]
__iar_packbits_init3    0x00001e17    0xb0  Code  Gb  packbits_init.o [6]
__iar_program_start     0x000020c1          Code  Gb  cstartup_M.o [6]
__iar_unaligned___aeabi_memcpy
                        0x00001aad          Code  Gb  ABImemcpy_unaligned.o [6]
__iar_unaligned___aeabi_memcpy4
                        0x00001acd          Code  Gb  ABImemcpy_unaligned.o [6]
__iar_unaligned___aeabi_memcpy8
                        0x00001acd          Code  Gb  ABImemcpy_unaligned.o [6]
__iar_unaligned_memcmp  0x00000991          Code  Gb  memcmp_unaligned.o [6]
__iar_unaligned_strncpy
                        0x00000ad1          Code  Gb  strncpy_unaligned.o [6]
__iar_zero_init3        0x00000777    0x22  Code  Gb  zero_init3.o [6]
__low_level_init        0x0000208f     0x4  Code  Gb  low_level_init.o [3]
__vector_table          0x00000000   0x100  Data  Gb  startup_ewarm.o [1]
_call_main              0x00002081          Code  Gb  cmain.o [6]
_exit                   0x00002099          Code  Gb  cexit.o [6]
_main                   0x0000208b          Code  Gb  cmain.o [6]
abort                   0x00001ec7     0x6  Code  Gb  abort.o [3]
avg0                    0x20006514     0x4  Data  Gb  adc.o [1]
avg1                    0x20006518     0x4  Data  Gb  adc.o [1]
avg2                    0x2000651c     0x4  Data  Gb  adc.o [1]
avg3                    0x20006520     0x4  Data  Gb  adc.o [1]
debounce                0x2000655c     0x4  Data  Gb  InterruptSetup.o [1]
delay                   0x0000094d    0x28  Code  Gb  main.o [1]
dist0                   0x2000629c     0x4  Data  Gb  adc.o [1]
dist1                   0x200062a0     0x4  Data  Gb  adc.o [1]
dist2                   0x200062a4     0x4  Data  Gb  adc.o [1]
dist3                   0x200062a8     0x4  Data  Gb  adc.o [1]
exit                    0x00002093     0x4  Code  Gb  exit.o [3]
g_bSSIEnabled           0x20006534     0x1  Data  Lc  rit128x96x4.o [1]
g_pucBuffer             0x20006554     0x8  Data  Lc  rit128x96x4.o [1]
g_pucFont               0x00000e0c   0x1e0  Data  Lc  rit128x96x4.o [1]
g_pucRIT128x96x4HorizontalInc
                        0x00000e08     0x2  Data  Lc  rit128x96x4.o [1]
g_pucRIT128x96x4Init    0x00000fec    0x50  Data  Lc  rit128x96x4.o [1]
g_pucRIT128x96x4VerticalInc
                        0x00000e04     0x2  Data  Lc  rit128x96x4.o [1]
g_pulDCRegs             0x000020a4    0x10  Data  Lc  sysctl.o [4]
g_pulRCGCRegs           0x000020b4     0xc  Data  Lc  sysctl.o [4]
g_pulRegs               0x00001fe0    0x40  Data  Lc  interrupt.o [4]
g_pulXtals              0x00001ed8    0x5c  Data  Lc  sysctl.o [4]
getKey                  0x00001231    0x4c  Code  Gb  keypad.o [1]
init_GPIOE              0x000012f1    0x36  Code  Gb  InterruptSetup.o [1]
init_GPIOF              0x00001327    0x3a  Code  Gb  InterruptSetup.o [1]
key_init                0x0000127d    0x56  Code  Gb  keypad.o [1]
main                    0x00000825    0x9e  Code  Gb  main.o [1]
pcTraceBuffer           0x200064bc     0x4  Data  Lc  tasks.o [1]
pcTraceBufferEnd        0x20000060     0x4  Data  Lc  tasks.o [1]
pcTraceBufferStart      0x2000005c     0x4  Data  Lc  tasks.o [1]
printInt                0x00001131    0x58  Code  Gb  adc.o [1]
prvAddCurrentTaskToDelayedList
                        0x00000573    0x34  Code  Lc  tasks.o [1]
prvAllocateTCBAndStack  0x000005a7    0x36  Code  Lc  tasks.o [1]
prvCopyDataFromQueue    0x000018d9    0x26  Code  Lc  queue.o [1]
prvCopyDataToQueue      0x0000187d    0x5c  Code  Lc  queue.o [1]
prvIdleTask             0x000004e9    0x4c  Code  Lc  tasks.o [1]
prvInitialiseTCBVariables
                        0x00000535    0x3e  Code  Lc  tasks.o [1]
prvQueueAccessLogError  0x00001c43     0xc  Code  Lc  IntQueue.o [1]
prvRecordValue_NormallyEmpty
                        0x00001c25    0x1e  Code  Lc  IntQueue.o [1]
prvRecordValue_NormallyFull
                        0x00001c09    0x1c  Code  Lc  IntQueue.o [1]
pulStack                0x20006568   0x1e0  Data  Lc  startup_ewarm.o [1]
pvPortMalloc            0x000009f9    0x9e  Code  Gb  heap_2.o [1]
pxCurrentTCB            0x2000643c     0x4  Data  Gb  tasks.o [1]
pxDelayedTaskList       0x200064a4     0x4  Data  Lc  tasks.o [1]
pxOverflowDelayedTaskList
                        0x200064a8     0x4  Data  Lc  tasks.o [1]
pxPortInitialiseStack   0x00000645    0x1a  Code  Gb  port.o [1]
pxReadyTasksLists       0x20006440    0x64  Data  Lc  tasks.o [1]
total0                  0x20006524     0x4  Data  Gb  adc.o [1]
total1                  0x20006528     0x4  Data  Gb  adc.o [1]
total2                  0x2000652c     0x4  Data  Gb  adc.o [1]
total3                  0x20006530     0x4  Data  Gb  adc.o [1]
ucNormallyEmptyReceivedValues
                        0x200062ac    0xc8  Data  Lc  IntQueue.o [1]
ucNormallyFullReceivedValues
                        0x20006374    0xc8  Data  Lc  IntQueue.o [1]
uip_buf                 0x200064f0     0x4  Data  Gb  emac.o [1]
ulGPIOBase              0x2000653c     0x4  Data  Gb  rit128x96x4.o [1]
ulGPIOId                0x20006538     0x4  Data  Gb  rit128x96x4.o [1]
ulMaxJitter             0x20006548     0x4  Data  Gb  timertest.o [1]
ulNextTxSpace           0x20006508     0x4  Data  Lc  emac.o [1]
ulOLEDDC_PIN            0x20006540     0x4  Data  Gb  rit128x96x4.o [1]
ulOLEDEN_PIN            0x20006544     0x4  Data  Gb  rit128x96x4.o [1]
ulRxLength              0x200064f4    0x14  Data  Lc  emac.o [1]
uxCriticalNesting       0x200000cc     0x4  Data  Lc  port.o [1]
uxCurrentNumberOfTasks  0x200064ac     0x4  Data  Lc  tasks.o [1]
uxHighPriorityLoops1    0x20000074     0x4  Data  Lc  IntQueue.o [1]
uxHighPriorityLoops2    0x20000078     0x4  Data  Lc  IntQueue.o [1]
uxLowPriorityLoops1     0x2000007c     0x4  Data  Lc  IntQueue.o [1]
uxLowPriorityLoops2     0x20000080     0x4  Data  Lc  IntQueue.o [1]
uxMissedTicks           0x20000048     0x4  Data  Lc  tasks.o [1]
uxPreviousTask          0x20000068     0x4  Data  Lc  tasks.o [1]
uxSchedulerSuspended    0x200064b8     0x4  Data  Lc  tasks.o [1]
uxTaskNumber            0x20000054     0x4  Data  Lc  tasks.o [1]
uxTasksDeleted          0x20000028     0x4  Data  Lc  tasks.o [1]
uxTopReadyPriority      0x200064b4     0x4  Data  Lc  tasks.o [1]
uxTopUsedPriority       0x20000040     0x4  Data  Lc  tasks.o [1]
uxValueForNormallyEmptyQueue
                        0x20000090     0x4  Data  Gb  IntQueue.o [1]
uxValueForNormallyFullQueue
                        0x20000094     0x4  Data  Gb  IntQueue.o [1]
vApplicationStackOverflowHook
                        0x000008c3     0x2  Code  Gb  main.o [1]
vApplicationTickHook    0x000008c5    0x14  Code  Gb  main.o [1]
vEMAC_ISR               0x00001f35    0x3e  Code  Gb  emac.o [1]
vListInitialise         0x000006e5    0x1a  Code  Gb  list.o [1]
vListInitialiseItem     0x000006ff     0x6  Code  Gb  list.o [1]
vListInsert             0x00000721    0x32  Code  Gb  list.o [1]
vListInsertEnd          0x00000705    0x1c  Code  Gb  list.o [1]
vListRemove             0x00000753    0x24  Code  Gb  list.o [1]
vPortClearInterruptMask
                        0x000007e3          Code  Gb  portasm.o [1]
vPortEnterCritical      0x00000697    0x10  Code  Gb  port.o [1]
vPortExitCritical       0x000006a7    0x10  Code  Gb  port.o [1]
vPortFree               0x00000a97    0x32  Code  Gb  heap_2.o [1]
vPortSVCHandler         0x000007f1          Code  Gb  portasm.o [1]
vPortSetInterruptMask   0x000007d5          Code  Gb  portasm.o [1]
vPortStartFirstTask     0x0000080d          Code  Gb  portasm.o [1]
vPortYieldFromISR       0x0000068d     0xa  Code  Gb  port.o [1]
vSetMSP                 0x00000799          Code  Gb  portasm.o [1]
vSetupHighFrequencyTimer
                        0x00001911    0x68  Code  Gb  timertest.o [1]
vT2InterruptHandler     0x00001f9d    0x1c  Code  Gb  IntQueueTimer.o [1]
vT3InterruptHandler     0x00001fb9    0x1c  Code  Gb  IntQueueTimer.o [1]
vTaskADC                0x00001079    0xb8  Code  Gb  adc.o [1]
vTaskADCAverage         0x000011b9    0x60  Code  Gb  adc.o [1]
vTaskDelay              0x0000020d    0x2e  Code  Gb  tasks.o [1]
vTaskIncrementTick      0x00000321    0xa8  Code  Gb  tasks.o [1]
vTaskPriorityDisinherit
                        0x000005dd    0x38  Code  Gb  tasks.o [1]
vTaskStartScheduler     0x0000023b    0x44  Code  Gb  tasks.o [1]
vTaskSuspendAll         0x0000027f     0xc  Code  Gb  tasks.o [1]
vTaskSwitchContext      0x000003d1    0xb8  Code  Gb  tasks.o [1]
values0                 0x20005e9c   0x100  Data  Gb  adc.o [1]
values1                 0x20005f9c   0x100  Data  Gb  adc.o [1]
values2                 0x2000609c   0x100  Data  Gb  adc.o [1]
values3                 0x2000619c   0x100  Data  Gb  adc.o [1]
xDelayedTaskList1       0x200064c0    0x14  Data  Lc  tasks.o [1]
xDelayedTaskList2       0x200064d4    0x14  Data  Lc  tasks.o [1]
xEMACSemaphore          0x200064e8     0x4  Data  Gb  emac.o [1]
xEnd                    0x200000d0     0x8  Data  Lc  heap_2.o [1]
xErrorLine              0x20000088     0x4  Data  Lc  IntQueue.o [1]
xErrorStatus            0x20000084     0x4  Data  Lc  IntQueue.o [1]
xFirstTimerHandler      0x00001c51    0x78  Code  Gb  IntQueue.o [1]
xFreeBytesRemaining     0x200000c8     0x4  Data  Lc  heap_2.o [1]
xHeap                   0x200000d8  0x5dc0  Data  Lc  heap_2.o [1]
xHighPriorityNormallyEmptyTask1
                        0x20000098     0x4  Data  Gb  IntQueue.o [1]
xHighPriorityNormallyEmptyTask2
                        0x2000009c     0x4  Data  Gb  IntQueue.o [1]
xHighPriorityNormallyFullTask1
                        0x200000a0     0x4  Data  Gb  IntQueue.o [1]
xHighPriorityNormallyFullTask2
                        0x200000a4     0x4  Data  Gb  IntQueue.o [1]
xMACInterruptSemaphore  0x200064ec     0x4  Data  Gb  emac.o [1]
xMissedYield            0x2000004c     0x4  Data  Lc  tasks.o [1]
xNextTaskUnblockTime    0x20000058     0x4  Data  Lc  tasks.o [1]
xNormallyEmptyQueue     0x2000006c     0x4  Data  Lc  IntQueue.o [1]
xNormallyFullQueue      0x20000070     0x4  Data  Lc  IntQueue.o [1]
xNumOfOverflows         0x20000050     0x4  Data  Lc  tasks.o [1]
xOLEDQueue              0x20006560     0x4  Data  Gb  main.o [1]
xPendingReadyList       0x20000000    0x14  Data  Lc  tasks.o [1]
xPortPendSVHandler      0x0000079f          Code  Gb  portasm.o [1]
xPortStartScheduler     0x0000065f    0x2e  Code  Gb  port.o [1]
xPortSysTickHandler     0x000006b7    0x1a  Code  Gb  port.o [1]
xQueueCreate            0x00001779    0x5a  Code  Gb  queue.o [1]
xQueueGenericSendFromISR
                        0x000017e3    0x4e  Code  Gb  queue.o [1]
xQueueIsQueueFullFromISR
                        0x000018ff    0x10  Code  Gb  queue.o [1]
xQueueReceiveFromISR    0x00001831    0x4c  Code  Gb  queue.o [1]
xSchedulerRunning       0x20000044     0x4  Data  Lc  tasks.o [1]
xSecondTimerHandler     0x00001cc9    0xd0  Code  Gb  IntQueue.o [1]
xStart                  0x200000c0     0x8  Data  Lc  heap_2.o [1]
xSuspendedTaskList      0x2000002c    0x14  Data  Lc  tasks.o [1]
xTaskGenericCreate      0x00000101   0x10c  Code  Gb  tasks.o [1]
xTaskRemoveFromEventList
                        0x00000495    0x42  Code  Gb  tasks.o [1]
xTaskResumeAll          0x0000028b    0x96  Code  Gb  tasks.o [1]
xTasksWaitingTermination
                        0x20000014    0x14  Data  Lc  tasks.o [1]
xTickCount              0x200064b0     0x4  Data  Lc  tasks.o [1]
xTracing                0x20000064     0x4  Data  Lc  tasks.o [1]
xWasSuspended           0x2000008c     0x4  Data  Lc  IntQueue.o [1]


[1] = C:\StellarisWare\boards\ek-lm3s8962\ee472\Lab4withRTOS\FreeRTOS0\Demo\Tasks3\Debug\Obj
[2] = command line
[3] = dl7M_tln.a
[4] = driverlib.a
[5] = grlib.a
[6] = rt7M_tl.a

   7 910 bytes of readonly  code memory
     507 bytes of readonly  data memory
  26 440 bytes of readwrite data memory

Errors: none
Warnings: none
