###############################################################################
#
# IAR ELF Linker V7.20.1.7305/W32 for ARM                 25/May/2015  19:51:51
# Copyright 2007-2014 IAR Systems AB.
#
#    Output file  =  
#        C:\StellarisWare\boards\ek-lm3s8962\ee472\Lab4withRTOS\FreeRTOS0\Demo\Tasks3\Debug\Exe\RTOSDemo.out
#    Map file     =  
#        C:\StellarisWare\boards\ek-lm3s8962\ee472\Lab4withRTOS\FreeRTOS0\Demo\Tasks3\Debug\List\RTOSDemo.map
#    Command line =  
#        C:\StellarisWare\boards\ek-lm3s8962\ee472\Lab4withRTOS\FreeRTOS0\Demo\Tasks3\Debug\Obj\adc.o
#        C:\StellarisWare\boards\ek-lm3s8962\ee472\Lab4withRTOS\FreeRTOS0\Demo\Tasks3\Debug\Obj\display.o
#        C:\StellarisWare\boards\ek-lm3s8962\ee472\Lab4withRTOS\FreeRTOS0\Demo\Common\drivers\LuminaryMicro\IAR\driverlib.a
#        C:\StellarisWare\boards\ek-lm3s8962\ee472\Lab4withRTOS\FreeRTOS0\Demo\Tasks3\Debug\Obj\emac.o
#        C:\StellarisWare\boards\ek-lm3s8962\ee472\Lab4withRTOS\FreeRTOS0\Demo\Tasks3\Debug\Obj\formike128x128x16.o
#        C:\StellarisWare\boards\ek-lm3s8962\ee472\Lab4withRTOS\FreeRTOS0\Demo\Common\drivers\LuminaryMicro\IAR\grlib.a
#        C:\StellarisWare\boards\ek-lm3s8962\ee472\Lab4withRTOS\FreeRTOS0\Demo\Tasks3\Debug\Obj\heap_2.o
#        C:\StellarisWare\boards\ek-lm3s8962\ee472\Lab4withRTOS\FreeRTOS0\Demo\Tasks3\Debug\Obj\http-strings.o
#        C:\StellarisWare\boards\ek-lm3s8962\ee472\Lab4withRTOS\FreeRTOS0\Demo\Tasks3\Debug\Obj\httpd-cgi.o
#        C:\StellarisWare\boards\ek-lm3s8962\ee472\Lab4withRTOS\FreeRTOS0\Demo\Tasks3\Debug\Obj\httpd-fs.o
#        C:\StellarisWare\boards\ek-lm3s8962\ee472\Lab4withRTOS\FreeRTOS0\Demo\Tasks3\Debug\Obj\httpd.o
#        C:\StellarisWare\boards\ek-lm3s8962\ee472\Lab4withRTOS\FreeRTOS0\Demo\Tasks3\Debug\Obj\InterruptSetup.o
#        C:\StellarisWare\boards\ek-lm3s8962\ee472\Lab4withRTOS\FreeRTOS0\Demo\Tasks3\Debug\Obj\IntQueue.o
#        C:\StellarisWare\boards\ek-lm3s8962\ee472\Lab4withRTOS\FreeRTOS0\Demo\Tasks3\Debug\Obj\IntQueueTimer.o
#        C:\StellarisWare\boards\ek-lm3s8962\ee472\Lab4withRTOS\FreeRTOS0\Demo\Tasks3\Debug\Obj\keypad.o
#        C:\StellarisWare\boards\ek-lm3s8962\ee472\Lab4withRTOS\FreeRTOS0\Demo\Tasks3\Debug\Obj\list.o
#        C:\StellarisWare\boards\ek-lm3s8962\ee472\Lab4withRTOS\FreeRTOS0\Demo\Tasks3\Debug\Obj\main.o
#        C:\StellarisWare\boards\ek-lm3s8962\ee472\Lab4withRTOS\FreeRTOS0\Demo\Tasks3\Debug\Obj\motor.o
#        C:\StellarisWare\boards\ek-lm3s8962\ee472\Lab4withRTOS\FreeRTOS0\Demo\Tasks3\Debug\Obj\osram128x64x4.o
#        C:\StellarisWare\boards\ek-lm3s8962\ee472\Lab4withRTOS\FreeRTOS0\Demo\Tasks3\Debug\Obj\ParTest.o
#        C:\StellarisWare\boards\ek-lm3s8962\ee472\Lab4withRTOS\FreeRTOS0\Demo\Tasks3\Debug\Obj\port.o
#        C:\StellarisWare\boards\ek-lm3s8962\ee472\Lab4withRTOS\FreeRTOS0\Demo\Tasks3\Debug\Obj\portasm.o
#        C:\StellarisWare\boards\ek-lm3s8962\ee472\Lab4withRTOS\FreeRTOS0\Demo\Tasks3\Debug\Obj\psock.o
#        C:\StellarisWare\boards\ek-lm3s8962\ee472\Lab4withRTOS\FreeRTOS0\Demo\Tasks3\Debug\Obj\queue.o
#        C:\StellarisWare\boards\ek-lm3s8962\ee472\Lab4withRTOS\FreeRTOS0\Demo\Tasks3\Debug\Obj\rit128x96x4.o
#        C:\StellarisWare\boards\ek-lm3s8962\ee472\Lab4withRTOS\FreeRTOS0\Demo\Tasks3\Debug\Obj\startup_ewarm.o
#        C:\StellarisWare\boards\ek-lm3s8962\ee472\Lab4withRTOS\FreeRTOS0\Demo\Tasks3\Debug\Obj\tasks.o
#        C:\StellarisWare\boards\ek-lm3s8962\ee472\Lab4withRTOS\FreeRTOS0\Demo\Tasks3\Debug\Obj\timer.o
#        C:\StellarisWare\boards\ek-lm3s8962\ee472\Lab4withRTOS\FreeRTOS0\Demo\Tasks3\Debug\Obj\timertest.o
#        C:\StellarisWare\boards\ek-lm3s8962\ee472\Lab4withRTOS\FreeRTOS0\Demo\Tasks3\Debug\Obj\uip.o
#        C:\StellarisWare\boards\ek-lm3s8962\ee472\Lab4withRTOS\FreeRTOS0\Demo\Tasks3\Debug\Obj\uip_arp.o
#        C:\StellarisWare\boards\ek-lm3s8962\ee472\Lab4withRTOS\FreeRTOS0\Demo\Tasks3\Debug\Obj\uIP_Task.o
#        --redirect _Printf=_PrintfSmall --redirect _Scanf=_ScanfSmall -o
#        C:\StellarisWare\boards\ek-lm3s8962\ee472\Lab4withRTOS\FreeRTOS0\Demo\Tasks3\Debug\Exe\RTOSDemo.out
#        --map
#        C:\StellarisWare\boards\ek-lm3s8962\ee472\Lab4withRTOS\FreeRTOS0\Demo\Tasks3\Debug\List\RTOSDemo.map
#        --config
#        C:\StellarisWare\boards\ek-lm3s8962\ee472\Lab4withRTOS\FreeRTOS0\Demo\Tasks3\LM3Sxxxx.icf
#        C:\StellarisWare\boards\ek-lm3s8962\ee472\Lab4withRTOS\FreeRTOS0\Demo\Tasks3\..\Common\drivers\LuminaryMicro\IAR\driverlib.a
#        C:\StellarisWare\boards\ek-lm3s8962\ee472\Lab4withRTOS\FreeRTOS0\Demo\Tasks3\..\Common\drivers\LuminaryMicro\IAR\grlib.a
#        --entry __iar_program_start --vfe
#
###############################################################################

*******************************************************************************
*** RUNTIME MODEL ATTRIBUTES
***

CppFlavor       = *
__SystemLibrary = DLib


*******************************************************************************
*** PLACEMENT SUMMARY
***

"A1":  place at start of [0x00000000-0x0003ffff] { ro section .intvec };
"P1":  place in [from 0x00000000 to 0x0003ffff] { ro };
"P2":  place in [from 0x20000000 to 0x2000ffff] { rw, block HEAP };

  Section            Kind        Address    Size  Object
  -------            ----        -------    ----  ------
"A1":                                      0x100
  .intvec            const    0x00000000   0x100  startup_ewarm.o [1]
                            - 0x00000100   0x100

"P1":                                     0x2845
  .text              ro code  0x00000100   0x544  tasks.o [1]
  .text              ro code  0x00000644    0xa0  port.o [1]
  .text              ro code  0x000006e4    0x92  list.o [1]
  .text              ro code  0x00000776    0x22  zero_init3.o [6]
  CODE               ro code  0x00000798    0x8c  portasm.o [1]
  .text              ro code  0x00000824   0x1e4  main.o [1]
  .text              ro code  0x00000a08    0x62  memcmp_unaligned.o [6]
  .text              ro code  0x00000a6a     0x6  startup_ewarm.o [1]
  .text              ro code  0x00000a70    0xd8  heap_2.o [1]
  .text              ro code  0x00000b48    0x6c  strncpy_unaligned.o [6]
  .text              ro code  0x00000bb4    0x3a  ABImemset48.o [6]
  .text              ro code  0x00000bf0   0x196  queue.o [1]
  .text              ro code  0x00000d88    0xb4  timertest.o [1]
  .text              ro code  0x00000e3c   0x4cc  rit128x96x4.o [1]
  .text              ro code  0x00001308   0x1b4  adc.o [1]
  .text              ro code  0x000014bc   0x16c  keypad.o [1]
  .text              ro code  0x00001628    0xd4  InterruptSetup.o [1]
  .text              ro code  0x000016fc   0x320  motor.o [1]
  .text              ro code  0x00001a1c   0x29c  sysctl.o [4]
  .text              ro code  0x00001cb8   0x130  gpio.o [4]
  .text              ro code  0x00001de8    0x5e  ABImemset.o [6]
  .text              ro code  0x00001e48    0x76  ABImemcpy_unaligned.o [6]
  .text              ro code  0x00001ec0    0x58  timer.o [4]
  .text              ro code  0x00001f18    0x8c  interrupt.o [4]
  .text              ro code  0x00001fa4    0x88  ssi.o [4]
  .text              ro code  0x0000202c    0x88  pwm.o [4]
  .text              ro code  0x000020b4   0x3b4  display.o [1]
  .text              ro code  0x00002468   0x1ec  IntQueue.o [1]
  .text              ro code  0x00002654    0xd2  packbits_init.o [6]
  .text              ro code  0x00002726     0x6  abort.o [3]
  .text              ro code  0x0000272c     0xc  XXexit.o [6]
  .rodata            const    0x00002738    0x5c  sysctl.o [4]
  .text              ro code  0x00002794    0x48  emac.o [1]
  .text              ro code  0x000027dc    0x20  ethernet.o [4]
  .text              ro code  0x000027fc    0x44  IntQueueTimer.o [1]
  .rodata            const    0x00002840    0x40  interrupt.o [4]
  .text              ro code  0x00002880    0x28  data_init.o [6]
  .iar.init_table    const    0x000028a8    0x2c  - Linker created -
  .text              ro code  0x000028d4    0x1a  cmain.o [6]
  .text              ro code  0x000028ee     0x4  low_level_init.o [3]
  .text              ro code  0x000028f2     0x4  exit.o [3]
  .text              ro code  0x000028f8     0xa  cexit.o [6]
  .rodata            const    0x00002904    0x10  sysctl.o [4]
  .rodata            const    0x00002914     0xc  sysctl.o [4]
  .text              ro code  0x00002920     0xc  cstartup_M.o [6]
  .rodata            const    0x0000292c     0x0  zero_init3.o [6]
  .rodata            const    0x0000292c     0x0  packbits_init.o [6]
  Initializer bytes  ro data  0x0000292c    0x19  <for P2 s0>
                            - 0x00002945  0x2845

"P2":                                     0x6764
  P2 s0                       0x20000000    0xdc  <Init block>
    .data            inited   0x20000000    0x6c  tasks.o [1]
    .data            inited   0x2000006c    0x54  IntQueue.o [1]
    .data            inited   0x200000c0     0xc  display.o [1]
    .data            inited   0x200000cc     0xc  heap_2.o [1]
    .data            inited   0x200000d8     0x4  port.o [1]
  .bss               zero     0x200000e0  0x5dcc  heap_2.o [1]
  .bss               zero     0x20005eac   0x410  adc.o [1]
  .bss               zero     0x200062bc    0xc8  IntQueue.o [1]
  .bss               zero     0x20006384    0xc8  IntQueue.o [1]
  .bss               zero     0x2000644c    0xac  tasks.o [1]
  .bss               zero     0x200064f8    0x2c  emac.o [1]
  .bss               zero     0x20006524    0x20  adc.o [1]
  .bss               zero     0x20006544    0x14  rit128x96x4.o [1]
  .bss               zero     0x20006558     0xc  timertest.o [1]
  .bss               zero     0x20006564     0x8  rit128x96x4.o [1]
  .bss               zero     0x2000656c     0x4  InterruptSetup.o [1]
  .bss               zero     0x20006570     0x4  keypad.o [1]
  .bss               zero     0x20006574     0x4  main.o [1]
  .bss               zero     0x20006578     0x4  main.o [1]
  .bss               zero     0x2000657c     0x4  motor.o [1]
  .bss               zero     0x20006580     0x4  motor.o [1]
  .noinit            uninit   0x20006584   0x1e0  startup_ewarm.o [1]
                            - 0x20006764  0x6764


*******************************************************************************
*** INIT TABLE
***

          Address     Size
          -------     ----
Zero (__iar_zero_init3)
    1 destination range, total size 0x64a4:
          0x200000e0  0x64a4

Copy/packbits (__iar_packbits_init3)
    1 source range, total size 0x19 (11% of destination):
          0x0000292c    0x19
    1 destination range, total size 0xdc:
          0x20000000    0xdc



*******************************************************************************
*** MODULE SUMMARY
***

    Module                 ro code  ro data  rw data
    ------                 -------  -------  -------
C:\StellarisWare\boards\ek-lm3s8962\ee472\Lab4withRTOS\FreeRTOS0\Demo\Tasks3\Debug\Obj: [1]
    IntQueue.o                 492        9      484
    IntQueueTimer.o             68
    InterruptSetup.o           212                 4
    adc.o                      436             1 072
    display.o                  948        2       12
    emac.o                      72                44
    heap_2.o                   216        1   24 024
    keypad.o                   364                 4
    list.o                     146
    main.o                     484                 8
    motor.o                    800                 8
    port.o                     160        1        4
    portasm.o                  140
    queue.o                    406
    rit128x96x4.o            1 228                28
    startup_ewarm.o              6      256      480
    tasks.o                  1 348       12      280
    timertest.o                180                12
    ------------------------------------------------
    Total:                   7 706      281   26 464

command line: [2]
    ------------------------------------------------
    Total:

dl7M_tln.a: [3]
    abort.o                      6
    exit.o                       4
    low_level_init.o             4
    ------------------------------------------------
    Total:                      14

driverlib.a: [4]
    ethernet.o                  32
    gpio.o                     304
    interrupt.o                140       64
    pwm.o                      136
    ssi.o                      136
    sysctl.o                   668      120
    timer.o                     88
    ------------------------------------------------
    Total:                   1 504      184

grlib.a: [5]
    ------------------------------------------------
    Total:

rt7M_tl.a: [6]
    ABImemcpy_unaligned.o      118
    ABImemset.o                 94
    ABImemset48.o               58
    XXexit.o                    12
    cexit.o                     10
    cmain.o                     26
    cstartup_M.o                12
    data_init.o                 40
    memcmp_unaligned.o          98
    packbits_init.o            210
    strncpy_unaligned.o        108
    zero_init3.o                34
    ------------------------------------------------
    Total:                     820

    Gaps                        10        2        4
    Linker created                       44
----------------------------------------------------
    Grand Total:            10 054      511   26 468


*******************************************************************************
*** ENTRY LIST
***

Entry                      Address    Size  Type      Object
-----                      -------    ----  ----      ------
?main                   0x000028d5          Code  Gb  cmain.o [6]
ADCInit                 0x00001309    0x34  Code  Gb  adc.o [1]
EthernetIntClear        0x000027f9     0x4  Code  Gb  ethernet.o [4]
EthernetIntDisable      0x000027dd     0xa  Code  Gb  ethernet.o [4]
EthernetIntStatus       0x000027e9     0xe  Code  Gb  ethernet.o [4]
FaultISR                0x00000a6d     0x2  Code  Lc  startup_ewarm.o [1]
GPIODirModeSet          0x00001cb9    0x1e  Code  Gb  gpio.o [4]
GPIOEventHandler        0x00001699    0x44  Code  Gb  InterruptSetup.o [1]
GPIOPadConfigSet        0x00001ced    0xac  Code  Gb  gpio.o [4]
GPIOPinTypeGPIOOutput   0x00001db9    0x10  Code  Gb  gpio.o [4]
GPIOPinTypePWM          0x00001dc9    0x10  Code  Gb  gpio.o [4]
GPIOPinTypeSSI          0x00001dd9    0x10  Code  Gb  gpio.o [4]
GPIOPinWrite            0x00001d99     0x6  Code  Gb  gpio.o [4]
InStream_Read           0x00002655    0x22  Code  Lc  packbits_init.o [6]
InitializeHardware      0x000008cf    0x5c  Code  Gb  main.o [1]
IntDefaultHandler       0x00000a6f     0x2  Code  Lc  startup_ewarm.o [1]
IntEnable               0x00001f3d    0x60  Code  Gb  interrupt.o [4]
IntPrioritySet          0x00001f19    0x20  Code  Gb  interrupt.o [4]
LED_toggle              0x00000941     0xc  Code  Gb  main.o [1]
LookupDistanceTable     0x0000144b    0x30  Code  Gb  adc.o [1]
NmiSR                   0x00000a6b     0x2  Code  Lc  startup_ewarm.o [1]
PORTD_init              0x000017d3    0x36  Code  Gb  motor.o [1]
PWMGenConfigure         0x0000202d    0x30  Code  Gb  pwm.o [4]
PWMGenEnable            0x00002075     0xc  Code  Gb  pwm.o [4]
PWMGenPeriodSet         0x0000205d    0x18  Code  Gb  pwm.o [4]
PWMOutputState          0x000020a1    0x14  Code  Gb  pwm.o [4]
PWMPulseWidthSet        0x00002081    0x1e  Code  Gb  pwm.o [4]
PWMinit                 0x000016fd    0xc8  Code  Gb  motor.o [1]
RIT128x96x4Clear        0x00000eab    0x38  Code  Gb  rit128x96x4.o [1]
RIT128x96x4Enable       0x00000fa3    0x4a  Code  Gb  rit128x96x4.o [1]
RIT128x96x4Init         0x00000ffb    0x92  Code  Gb  rit128x96x4.o [1]
RIT128x96x4StringDraw   0x00000ee3    0xa6  Code  Gb  rit128x96x4.o [1]
RITWriteCommand         0x00000e3d    0x32  Code  Lc  rit128x96x4.o [1]
RITWriteData            0x00000e6f    0x32  Code  Lc  rit128x96x4.o [1]
Region$$Table$$Base     0x000028a8           --   Gb  - Linker created -
Region$$Table$$Limit    0x000028d4           --   Gb  - Linker created -
SSIConfigSetExpClk      0x00001fa5    0x42  Code  Gb  ssi.o [4]
SSIDataGet              0x0000200d     0xc  Code  Gb  ssi.o [4]
SSIDataGetNonBlocking   0x00002019    0x12  Code  Gb  ssi.o [4]
SSIDataPut              0x00002001     0xa  Code  Gb  ssi.o [4]
SSIDisable              0x00001ff5     0xc  Code  Gb  ssi.o [4]
SSIEnable               0x00001fe9     0xc  Code  Gb  ssi.o [4]
SysCtlClockGet          0x00001b89   0x130  Code  Gb  sysctl.o [4]
SysCtlClockSet          0x00001a79   0x108  Code  Gb  sysctl.o [4]
SysCtlDelay             0x00001a71     0x8  Code  Gb  sysctl.o [4]
SysCtlLDOSet            0x00001a65     0x6  Code  Gb  sysctl.o [4]
SysCtlPeripheralEnable  0x00001a41    0x12  Code  Gb  sysctl.o [4]
SysCtlPeripheralPresent
                        0x00001a1d    0x24  Code  Gb  sysctl.o [4]
Timer0IntHandler        0x00000df1    0x32  Code  Gb  timertest.o [1]
TimerConfigure          0x00001ed5    0x24  Code  Gb  timer.o [4]
TimerEnable             0x00001ec1     0xe  Code  Gb  timer.o [4]
TimerIntClear           0x00001f15     0x4  Code  Gb  timer.o [4]
TimerIntEnable          0x00001f09     0xa  Code  Gb  timer.o [4]
TimerLoadSet            0x00001ef9    0x10  Code  Gb  timer.o [4]
__aeabi_memset4         0x00000bb5          Code  Gb  ABImemset48.o [6]
__aeabi_memset8         0x00000bb5          Code  Gb  ABImemset48.o [6]
__as_entries_start      0xffffffff           --   Gb  command line/config [2]
__as_table_start        0xffffffff           --   Gb  command line/config [2]
__cmain                 0x000028d5          Code  Gb  cmain.o [6]
__exit                  0x0000272d          Code  Gb  XXexit.o [6]
__iar_Memset4_word      0x00000bbd          Code  Gb  ABImemset48.o [6]
__iar_Memset8_word      0x00000bbd          Code  Gb  ABImemset48.o [6]
__iar_Memset_word       0x00001de9          Code  Gb  ABImemset.o [6]
__iar_data_init3        0x00002881    0x28  Code  Gb  data_init.o [6]
__iar_packbits_init3    0x00002677    0xb0  Code  Gb  packbits_init.o [6]
__iar_program_start     0x00002921          Code  Gb  cstartup_M.o [6]
__iar_unaligned___aeabi_memcpy
                        0x00001e49          Code  Gb  ABImemcpy_unaligned.o [6]
__iar_unaligned___aeabi_memcpy4
                        0x00001e69          Code  Gb  ABImemcpy_unaligned.o [6]
__iar_unaligned___aeabi_memcpy8
                        0x00001e69          Code  Gb  ABImemcpy_unaligned.o [6]
__iar_unaligned_memcmp  0x00000a09          Code  Gb  memcmp_unaligned.o [6]
__iar_unaligned_strncpy
                        0x00000b49          Code  Gb  strncpy_unaligned.o [6]
__iar_zero_init3        0x00000777    0x22  Code  Gb  zero_init3.o [6]
__low_level_init        0x000028ef     0x4  Code  Gb  low_level_init.o [3]
__vector_table          0x00000000   0x100  Data  Gb  startup_ewarm.o [1]
_call_main              0x000028e1          Code  Gb  cmain.o [6]
_exit                   0x000028f9          Code  Gb  cexit.o [6]
_main                   0x000028eb          Code  Gb  cmain.o [6]
abort                   0x00002727     0x6  Code  Gb  abort.o [3]
avg0                    0x20006524     0x4  Data  Gb  adc.o [1]
avg1                    0x20006528     0x4  Data  Gb  adc.o [1]
avg2                    0x2000652c     0x4  Data  Gb  adc.o [1]
avg3                    0x20006530     0x4  Data  Gb  adc.o [1]
currentKey              0x2000657c     0x4  Data  Gb  motor.o [1]
debounce                0x2000656c     0x4  Data  Gb  InterruptSetup.o [1]
delay                   0x00000985    0x28  Code  Gb  main.o [1]
dist0                   0x200062ac     0x4  Data  Gb  adc.o [1]
dist1                   0x200062b0     0x4  Data  Gb  adc.o [1]
dist2                   0x200062b4     0x4  Data  Gb  adc.o [1]
dist3                   0x200062b8     0x4  Data  Gb  adc.o [1]
exit                    0x000028f3     0x4  Code  Gb  exit.o [3]
fast                    0x200000c8     0x4  Data  Gb  display.o [1]
fresh_key               0x000014d5    0x18  Code  Gb  keypad.o [1]
g_bSSIEnabled           0x20006544     0x1  Data  Lc  rit128x96x4.o [1]
g_pucBuffer             0x20006564     0x8  Data  Lc  rit128x96x4.o [1]
g_pucFont               0x000010d0   0x1e0  Data  Lc  rit128x96x4.o [1]
g_pucRIT128x96x4HorizontalInc
                        0x000010cc     0x2  Data  Lc  rit128x96x4.o [1]
g_pucRIT128x96x4Init    0x000012b0    0x50  Data  Lc  rit128x96x4.o [1]
g_pucRIT128x96x4VerticalInc
                        0x000010c8     0x2  Data  Lc  rit128x96x4.o [1]
g_pulDCRegs             0x00002904    0x10  Data  Lc  sysctl.o [4]
g_pulRCGCRegs           0x00002914     0xc  Data  Lc  sysctl.o [4]
g_pulRegs               0x00002840    0x40  Data  Lc  interrupt.o [4]
g_pulXtals              0x00002738    0x5c  Data  Lc  sysctl.o [4]
getDebounce             0x000016dd     0x6  Code  Gb  InterruptSetup.o [1]
getKey                  0x00001511    0xa0  Code  Gb  keypad.o [1]
init_GPIOE              0x00001629    0x36  Code  Gb  InterruptSetup.o [1]
init_GPIOF              0x0000165f    0x3a  Code  Gb  InterruptSetup.o [1]
is_a_key                0x000014bd    0x18  Code  Gb  keypad.o [1]
key_init                0x000015b1    0x56  Code  Gb  keypad.o [1]
keymaster               0x000014ed    0x24  Code  Gb  keypad.o [1]
lastKey                 0x20006570     0x4  Data  Gb  keypad.o [1]
main                    0x00000825    0x8c  Code  Gb  main.o [1]
pastKey                 0x200000c4     0x4  Data  Gb  display.o [1]
pcTraceBuffer           0x200064cc     0x4  Data  Lc  tasks.o [1]
pcTraceBufferEnd        0x20000060     0x4  Data  Lc  tasks.o [1]
pcTraceBufferStart      0x2000005c     0x4  Data  Lc  tasks.o [1]
printInt                0x000013f5    0x56  Code  Gb  adc.o [1]
prvAddCurrentTaskToDelayedList
                        0x00000573    0x34  Code  Lc  tasks.o [1]
prvAllocateTCBAndStack  0x000005a7    0x36  Code  Lc  tasks.o [1]
prvCopyDataFromQueue    0x00000d51    0x26  Code  Lc  queue.o [1]
prvCopyDataToQueue      0x00000cf5    0x5c  Code  Lc  queue.o [1]
prvIdleTask             0x000004e9    0x4c  Code  Lc  tasks.o [1]
prvInitialiseTCBVariables
                        0x00000535    0x3e  Code  Lc  tasks.o [1]
prvQueueAccessLogError  0x000024a3     0xc  Code  Lc  IntQueue.o [1]
prvRecordValue_NormallyEmpty
                        0x00002485    0x1e  Code  Lc  IntQueue.o [1]
prvRecordValue_NormallyFull
                        0x00002469    0x1c  Code  Lc  IntQueue.o [1]
pulStack                0x20006584   0x1e0  Data  Lc  startup_ewarm.o [1]
pvPortMalloc            0x00000a71    0x9e  Code  Gb  heap_2.o [1]
pxCurrentTCB            0x2000644c     0x4  Data  Gb  tasks.o [1]
pxDelayedTaskList       0x200064b4     0x4  Data  Lc  tasks.o [1]
pxOverflowDelayedTaskList
                        0x200064b8     0x4  Data  Lc  tasks.o [1]
pxPortInitialiseStack   0x00000645    0x1a  Code  Gb  port.o [1]
pxReadyTasksLists       0x20006450    0x64  Data  Lc  tasks.o [1]
speakerInit             0x000018e9    0x56  Code  Gb  motor.o [1]
state                   0x200000c0     0x4  Data  Gb  display.o [1]
total0                  0x20006534     0x4  Data  Gb  adc.o [1]
total1                  0x20006538     0x4  Data  Gb  adc.o [1]
total2                  0x2000653c     0x4  Data  Gb  adc.o [1]
total3                  0x20006540     0x4  Data  Gb  adc.o [1]
ucNormallyEmptyReceivedValues
                        0x200062bc    0xc8  Data  Lc  IntQueue.o [1]
ucNormallyFullReceivedValues
                        0x20006384    0xc8  Data  Lc  IntQueue.o [1]
uip_buf                 0x20006500     0x4  Data  Gb  emac.o [1]
ulGPIOBase              0x2000654c     0x4  Data  Gb  rit128x96x4.o [1]
ulGPIOId                0x20006548     0x4  Data  Gb  rit128x96x4.o [1]
ulMaxJitter             0x20006558     0x4  Data  Gb  timertest.o [1]
ulNextTxSpace           0x20006518     0x4  Data  Lc  emac.o [1]
ulOLEDDC_PIN            0x20006550     0x4  Data  Gb  rit128x96x4.o [1]
ulOLEDEN_PIN            0x20006554     0x4  Data  Gb  rit128x96x4.o [1]
ulPeriod                0x20006580     0x4  Data  Gb  motor.o [1]
ulRxLength              0x20006504    0x14  Data  Lc  emac.o [1]
uxCriticalNesting       0x200000d8     0x4  Data  Lc  port.o [1]
uxCurrentNumberOfTasks  0x200064bc     0x4  Data  Lc  tasks.o [1]
uxHighPriorityLoops1    0x20000074     0x4  Data  Lc  IntQueue.o [1]
uxHighPriorityLoops2    0x20000078     0x4  Data  Lc  IntQueue.o [1]
uxLowPriorityLoops1     0x2000007c     0x4  Data  Lc  IntQueue.o [1]
uxLowPriorityLoops2     0x20000080     0x4  Data  Lc  IntQueue.o [1]
uxMissedTicks           0x20000048     0x4  Data  Lc  tasks.o [1]
uxPreviousTask          0x20000068     0x4  Data  Lc  tasks.o [1]
uxSchedulerSuspended    0x200064c8     0x4  Data  Lc  tasks.o [1]
uxTaskNumber            0x20000054     0x4  Data  Lc  tasks.o [1]
uxTasksDeleted          0x20000028     0x4  Data  Lc  tasks.o [1]
uxTopReadyPriority      0x200064c4     0x4  Data  Lc  tasks.o [1]
uxTopUsedPriority       0x20000040     0x4  Data  Lc  tasks.o [1]
uxValueForNormallyEmptyQueue
                        0x20000090     0x4  Data  Gb  IntQueue.o [1]
uxValueForNormallyFullQueue
                        0x20000094     0x4  Data  Gb  IntQueue.o [1]
vApplicationStackOverflowHook
                        0x0000092b     0x2  Code  Gb  main.o [1]
vApplicationTickHook    0x0000092d    0x14  Code  Gb  main.o [1]
vEMAC_ISR               0x00002795    0x3e  Code  Gb  emac.o [1]
vListInitialise         0x000006e5    0x1a  Code  Gb  list.o [1]
vListInitialiseItem     0x000006ff     0x6  Code  Gb  list.o [1]
vListInsert             0x00000721    0x32  Code  Gb  list.o [1]
vListInsertEnd          0x00000705    0x1c  Code  Gb  list.o [1]
vListRemove             0x00000753    0x24  Code  Gb  list.o [1]
vPortClearInterruptMask
                        0x000007e3          Code  Gb  portasm.o [1]
vPortEnterCritical      0x00000697    0x10  Code  Gb  port.o [1]
vPortExitCritical       0x000006a7    0x10  Code  Gb  port.o [1]
vPortFree               0x00000b0f    0x32  Code  Gb  heap_2.o [1]
vPortSVCHandler         0x000007f1          Code  Gb  portasm.o [1]
vPortSetInterruptMask   0x000007d5          Code  Gb  portasm.o [1]
vPortStartFirstTask     0x0000080d          Code  Gb  portasm.o [1]
vPortYieldFromISR       0x0000068d     0xa  Code  Gb  port.o [1]
vPrintDistance          0x000022c9    0x4e  Code  Gb  display.o [1]
vSetMSP                 0x00000799          Code  Gb  portasm.o [1]
vSetupHighFrequencyTimer
                        0x00000d89    0x68  Code  Gb  timertest.o [1]
vT2InterruptHandler     0x000027fd    0x1c  Code  Gb  IntQueueTimer.o [1]
vT3InterruptHandler     0x00002819    0x1c  Code  Gb  IntQueueTimer.o [1]
vTaskADC                0x0000133d    0xb8  Code  Gb  adc.o [1]
vTaskADCAverage         0x0000147b    0x2a  Code  Gb  adc.o [1]
vTaskControlMotor       0x00001809    0xb0  Code  Gb  motor.o [1]
vTaskDelay              0x0000020d    0x2e  Code  Gb  tasks.o [1]
vTaskDisplay            0x000020b5   0x1fc  Code  Gb  display.o [1]
vTaskIncrementTick      0x00000321    0xa8  Code  Gb  tasks.o [1]
vTaskPriorityDisinherit
                        0x000005dd    0x38  Code  Gb  tasks.o [1]
vTaskSpeaker            0x0000193f    0x78  Code  Gb  motor.o [1]
vTaskStartScheduler     0x0000023b    0x44  Code  Gb  tasks.o [1]
vTaskSuspendAll         0x0000027f     0xc  Code  Gb  tasks.o [1]
vTaskSwitchContext      0x000003d1    0xb8  Code  Gb  tasks.o [1]
values0                 0x20005eac   0x100  Data  Gb  adc.o [1]
values1                 0x20005fac   0x100  Data  Gb  adc.o [1]
values2                 0x200060ac   0x100  Data  Gb  adc.o [1]
values3                 0x200061ac   0x100  Data  Gb  adc.o [1]
xDelayedTaskList1       0x200064d0    0x14  Data  Lc  tasks.o [1]
xDelayedTaskList2       0x200064e4    0x14  Data  Lc  tasks.o [1]
xEMACSemaphore          0x200064f8     0x4  Data  Gb  emac.o [1]
xEnd                    0x200000e0     0x8  Data  Lc  heap_2.o [1]
xErrorLine              0x20000088     0x4  Data  Lc  IntQueue.o [1]
xErrorStatus            0x20000084     0x4  Data  Lc  IntQueue.o [1]
xFirstTimerHandler      0x000024b1    0x78  Code  Gb  IntQueue.o [1]
xFreeBytesRemaining     0x200000d4     0x4  Data  Lc  heap_2.o [1]
xHeap                   0x200000e8  0x5dc0  Data  Lc  heap_2.o [1]
xHighPriorityNormallyEmptyTask1
                        0x20000098     0x4  Data  Gb  IntQueue.o [1]
xHighPriorityNormallyEmptyTask2
                        0x2000009c     0x4  Data  Gb  IntQueue.o [1]
xHighPriorityNormallyFullTask1
                        0x200000a0     0x4  Data  Gb  IntQueue.o [1]
xHighPriorityNormallyFullTask2
                        0x200000a4     0x4  Data  Gb  IntQueue.o [1]
xMACInterruptSemaphore  0x200064fc     0x4  Data  Gb  emac.o [1]
xMissedYield            0x2000004c     0x4  Data  Lc  tasks.o [1]
xNextTaskUnblockTime    0x20000058     0x4  Data  Lc  tasks.o [1]
xNormallyEmptyQueue     0x2000006c     0x4  Data  Lc  IntQueue.o [1]
xNormallyFullQueue      0x20000070     0x4  Data  Lc  IntQueue.o [1]
xNumOfOverflows         0x20000050     0x4  Data  Lc  tasks.o [1]
xOLEDQueue              0x20006574     0x4  Data  Gb  main.o [1]
xPendingReadyList       0x20000000    0x14  Data  Lc  tasks.o [1]
xPortPendSVHandler      0x0000079f          Code  Gb  portasm.o [1]
xPortStartScheduler     0x0000065f    0x2e  Code  Gb  port.o [1]
xPortSysTickHandler     0x000006b7    0x1a  Code  Gb  port.o [1]
xQueueCreate            0x00000bf1    0x5a  Code  Gb  queue.o [1]
xQueueGenericSendFromISR
                        0x00000c5b    0x4e  Code  Gb  queue.o [1]
xQueueIsQueueFullFromISR
                        0x00000d77    0x10  Code  Gb  queue.o [1]
xQueueReceiveFromISR    0x00000ca9    0x4c  Code  Gb  queue.o [1]
xSchedulerRunning       0x20000044     0x4  Data  Lc  tasks.o [1]
xSecondTimerHandler     0x00002529    0xd0  Code  Gb  IntQueue.o [1]
xStart                  0x200000cc     0x8  Data  Lc  heap_2.o [1]
xSuspendedTaskList      0x2000002c    0x14  Data  Lc  tasks.o [1]
xTaskGenericCreate      0x00000101   0x10c  Code  Gb  tasks.o [1]
xTaskRemoveFromEventList
                        0x00000495    0x42  Code  Gb  tasks.o [1]
xTaskResumeAll          0x0000028b    0x96  Code  Gb  tasks.o [1]
xTasksWaitingTermination
                        0x20000014    0x14  Data  Lc  tasks.o [1]
xTickCount              0x200064c0     0x4  Data  Lc  tasks.o [1]
xTracing                0x20000064     0x4  Data  Lc  tasks.o [1]
xWasSuspended           0x2000008c     0x4  Data  Lc  IntQueue.o [1]


[1] = C:\StellarisWare\boards\ek-lm3s8962\ee472\Lab4withRTOS\FreeRTOS0\Demo\Tasks3\Debug\Obj
[2] = command line
[3] = dl7M_tln.a
[4] = driverlib.a
[5] = grlib.a
[6] = rt7M_tl.a

  10 054 bytes of readonly  code memory
     511 bytes of readonly  data memory
  26 468 bytes of readwrite data memory

Errors: none
Warnings: none
