###############################################################################
#
# IAR ELF Linker V7.20.1.7305/W32 for ARM                 09/Jun/2015  15:08:11
# Copyright 2007-2014 IAR Systems AB.
#
#    Output file  =  
#        C:\StellarisWare\boards\ek-lm3s8962\ee472\Lab4withRTOS\FreeRTOS0\Demo\Tasks3\Debug\Exe\RTOSDemo.out
#    Map file     =  
#        C:\StellarisWare\boards\ek-lm3s8962\ee472\Lab4withRTOS\FreeRTOS0\Demo\Tasks3\Debug\List\RTOSDemo.map
#    Command line =  
#        C:\StellarisWare\boards\ek-lm3s8962\ee472\Lab4withRTOS\FreeRTOS0\Demo\Tasks3\Debug\Obj\adc.o
#        C:\StellarisWare\boards\ek-lm3s8962\ee472\Lab4withRTOS\FreeRTOS0\Demo\Tasks3\Debug\Obj\display.o
#        C:\StellarisWare\boards\ek-lm3s8962\ee472\Lab4withRTOS\FreeRTOS0\Demo\Common\drivers\LuminaryMicro\IAR\driverlib.a
#        C:\StellarisWare\boards\ek-lm3s8962\ee472\Lab4withRTOS\FreeRTOS0\Demo\Tasks3\Debug\Obj\emac.o
#        C:\StellarisWare\boards\ek-lm3s8962\ee472\Lab4withRTOS\FreeRTOS0\Demo\Tasks3\Debug\Obj\formike128x128x16.o
#        C:\StellarisWare\boards\ek-lm3s8962\ee472\Lab4withRTOS\FreeRTOS0\Demo\Common\drivers\LuminaryMicro\IAR\grlib.a
#        C:\StellarisWare\boards\ek-lm3s8962\ee472\Lab4withRTOS\FreeRTOS0\Demo\Tasks3\Debug\Obj\heap_2.o
#        C:\StellarisWare\boards\ek-lm3s8962\ee472\Lab4withRTOS\FreeRTOS0\Demo\Tasks3\Debug\Obj\http-strings.o
#        C:\StellarisWare\boards\ek-lm3s8962\ee472\Lab4withRTOS\FreeRTOS0\Demo\Tasks3\Debug\Obj\httpd-cgi.o
#        C:\StellarisWare\boards\ek-lm3s8962\ee472\Lab4withRTOS\FreeRTOS0\Demo\Tasks3\Debug\Obj\httpd-fs.o
#        C:\StellarisWare\boards\ek-lm3s8962\ee472\Lab4withRTOS\FreeRTOS0\Demo\Tasks3\Debug\Obj\httpd.o
#        C:\StellarisWare\boards\ek-lm3s8962\ee472\Lab4withRTOS\FreeRTOS0\Demo\Tasks3\Debug\Obj\InterruptSetup.o
#        C:\StellarisWare\boards\ek-lm3s8962\ee472\Lab4withRTOS\FreeRTOS0\Demo\Tasks3\Debug\Obj\IntQueue.o
#        C:\StellarisWare\boards\ek-lm3s8962\ee472\Lab4withRTOS\FreeRTOS0\Demo\Tasks3\Debug\Obj\IntQueueTimer.o
#        C:\StellarisWare\boards\ek-lm3s8962\ee472\Lab4withRTOS\FreeRTOS0\Demo\Tasks3\Debug\Obj\keypad.o
#        C:\StellarisWare\boards\ek-lm3s8962\ee472\Lab4withRTOS\FreeRTOS0\Demo\Tasks3\Debug\Obj\list.o
#        C:\StellarisWare\boards\ek-lm3s8962\ee472\Lab4withRTOS\FreeRTOS0\Demo\Tasks3\Debug\Obj\main.o
#        C:\StellarisWare\boards\ek-lm3s8962\ee472\Lab4withRTOS\FreeRTOS0\Demo\Tasks3\Debug\Obj\motor.o
#        C:\StellarisWare\boards\ek-lm3s8962\ee472\Lab4withRTOS\FreeRTOS0\Demo\Tasks3\Debug\Obj\osram128x64x4.o
#        C:\StellarisWare\boards\ek-lm3s8962\ee472\Lab4withRTOS\FreeRTOS0\Demo\Tasks3\Debug\Obj\ParTest.o
#        C:\StellarisWare\boards\ek-lm3s8962\ee472\Lab4withRTOS\FreeRTOS0\Demo\Tasks3\Debug\Obj\port.o
#        C:\StellarisWare\boards\ek-lm3s8962\ee472\Lab4withRTOS\FreeRTOS0\Demo\Tasks3\Debug\Obj\portasm.o
#        C:\StellarisWare\boards\ek-lm3s8962\ee472\Lab4withRTOS\FreeRTOS0\Demo\Tasks3\Debug\Obj\psock.o
#        C:\StellarisWare\boards\ek-lm3s8962\ee472\Lab4withRTOS\FreeRTOS0\Demo\Tasks3\Debug\Obj\queue.o
#        C:\StellarisWare\boards\ek-lm3s8962\ee472\Lab4withRTOS\FreeRTOS0\Demo\Tasks3\Debug\Obj\rit128x96x4.o
#        C:\StellarisWare\boards\ek-lm3s8962\ee472\Lab4withRTOS\FreeRTOS0\Demo\Tasks3\Debug\Obj\startup_ewarm.o
#        C:\StellarisWare\boards\ek-lm3s8962\ee472\Lab4withRTOS\FreeRTOS0\Demo\Tasks3\Debug\Obj\tasks.o
#        C:\StellarisWare\boards\ek-lm3s8962\ee472\Lab4withRTOS\FreeRTOS0\Demo\Tasks3\Debug\Obj\timer.o
#        C:\StellarisWare\boards\ek-lm3s8962\ee472\Lab4withRTOS\FreeRTOS0\Demo\Tasks3\Debug\Obj\timertest.o
#        C:\StellarisWare\boards\ek-lm3s8962\ee472\Lab4withRTOS\FreeRTOS0\Demo\Tasks3\Debug\Obj\uart.o
#        C:\StellarisWare\boards\ek-lm3s8962\ee472\Lab4withRTOS\FreeRTOS0\Demo\Tasks3\Debug\Obj\uip.o
#        C:\StellarisWare\boards\ek-lm3s8962\ee472\Lab4withRTOS\FreeRTOS0\Demo\Tasks3\Debug\Obj\uip_arp.o
#        C:\StellarisWare\boards\ek-lm3s8962\ee472\Lab4withRTOS\FreeRTOS0\Demo\Tasks3\Debug\Obj\uIP_Task.o
#        --redirect _Printf=_PrintfSmall --redirect _Scanf=_ScanfSmall -o
#        C:\StellarisWare\boards\ek-lm3s8962\ee472\Lab4withRTOS\FreeRTOS0\Demo\Tasks3\Debug\Exe\RTOSDemo.out
#        --map
#        C:\StellarisWare\boards\ek-lm3s8962\ee472\Lab4withRTOS\FreeRTOS0\Demo\Tasks3\Debug\List\RTOSDemo.map
#        --config
#        C:\StellarisWare\boards\ek-lm3s8962\ee472\Lab4withRTOS\FreeRTOS0\Demo\Tasks3\LM3Sxxxx.icf
#        C:\StellarisWare\boards\ek-lm3s8962\ee472\Lab4withRTOS\FreeRTOS0\Demo\Tasks3\..\Common\drivers\LuminaryMicro\IAR\driverlib.a
#        C:\StellarisWare\boards\ek-lm3s8962\ee472\Lab4withRTOS\FreeRTOS0\Demo\Tasks3\..\Common\drivers\LuminaryMicro\IAR\grlib.a
#        --entry __iar_program_start --vfe
#
###############################################################################

*******************************************************************************
*** RUNTIME MODEL ATTRIBUTES
***

CppFlavor       = *
__SystemLibrary = DLib


*******************************************************************************
*** PLACEMENT SUMMARY
***

"A1":  place at start of [0x00000000-0x0003ffff] { ro section .intvec };
"P1":  place in [from 0x00000000 to 0x0003ffff] { ro };
"P2":  place in [from 0x20000000 to 0x2000ffff] { rw, block HEAP };

  Section            Kind        Address    Size  Object
  -------            ----        -------    ----  ------
"A1":                                      0x100
  .intvec            const    0x00000000   0x100  startup_ewarm.o [1]
                            - 0x00000100   0x100

"P1":                                     0x2e21
  .text              ro code  0x00000100   0x6b0  motor.o [1]
  .text              ro code  0x000007b0   0x228  main.o [1]
  .text              ro code  0x000009d8   0x544  tasks.o [1]
  .text              ro code  0x00000f1c   0x170  keypad.o [1]
  .text              ro code  0x0000108c   0x29c  sysctl.o [4]
  .text              ro code  0x00001328   0x140  gpio.o [4]
  .text              ro code  0x00001468    0x88  pwm.o [4]
  .text              ro code  0x000014f0    0xb4  timertest.o [1]
  .text              ro code  0x000015a4   0x4cc  rit128x96x4.o [1]
  .text              ro code  0x00001a70   0x1b0  adc.o [1]
  .text              ro code  0x00001c20    0xcc  InterruptSetup.o [1]
  .text              ro code  0x00001cec    0x8c  uart.o [1]
  .text              ro code  0x00001d78    0xa0  port.o [1]
  .text              ro code  0x00001e18    0x92  list.o [1]
  .text              ro code  0x00001eaa    0x22  zero_init3.o [6]
  CODE               ro code  0x00001ecc    0x8c  portasm.o [1]
  .text              ro code  0x00001f58    0x62  memcmp_unaligned.o [6]
  .text              ro code  0x00001fba     0x6  startup_ewarm.o [1]
  .text              ro code  0x00001fc0    0xd8  heap_2.o [1]
  .text              ro code  0x00002098    0x6c  strncpy_unaligned.o [6]
  .text              ro code  0x00002104    0x3a  ABImemset48.o [6]
  .text              ro code  0x00002140    0x58  timer.o [4]
  .text              ro code  0x00002198    0x98  interrupt.o [4]
  .text              ro code  0x00002230    0x88  ssi.o [4]
  .text              ro code  0x000022b8    0xbc  uart.o [4]
  .text              ro code  0x00002374    0x5e  ABImemset.o [6]
  CODE               ro code  0x000023d4    0x14  cpu.o [4]
  .text              ro code  0x000023e8   0x4b8  display.o [1]
  .text              ro code  0x000028a0   0x1ec  IntQueue.o [1]
  .text              ro code  0x00002a8c   0x12c  queue.o [1]
  .text              ro code  0x00002bb8    0x76  ABImemcpy_unaligned.o [6]
  .text              ro code  0x00002c2e    0xd2  packbits_init.o [6]
  .text              ro code  0x00002d00     0x6  abort.o [3]
  .text              ro code  0x00002d08     0xc  XXexit.o [6]
  .rodata            const    0x00002d14    0x5c  sysctl.o [4]
  .text              ro code  0x00002d70    0x48  emac.o [1]
  .text              ro code  0x00002db8    0x20  ethernet.o [4]
  .text              ro code  0x00002dd8    0x44  IntQueueTimer.o [1]
  .rodata            const    0x00002e1c    0x40  interrupt.o [4]
  .text              ro code  0x00002e5c    0x28  data_init.o [6]
  .iar.init_table    const    0x00002e84    0x2c  - Linker created -
  .text              ro code  0x00002eb0    0x1a  cmain.o [6]
  .text              ro code  0x00002eca     0x4  low_level_init.o [3]
  .text              ro code  0x00002ece     0x4  exit.o [3]
  .text              ro code  0x00002ed4     0xa  cexit.o [6]
  .rodata            const    0x00002ee0    0x10  sysctl.o [4]
  .rodata            const    0x00002ef0     0xc  sysctl.o [4]
  .text              ro code  0x00002efc     0xc  cstartup_M.o [6]
  .rodata            const    0x00002f08     0x0  zero_init3.o [6]
  .rodata            const    0x00002f08     0x0  packbits_init.o [6]
  Initializer bytes  ro data  0x00002f08    0x19  <for P2 s0>
                            - 0x00002f21  0x2e21

"P2":                                     0x676c
  P2 s0                       0x20000000    0xe4  <Init block>
    .data            inited   0x20000000    0x6c  tasks.o [1]
    .data            inited   0x2000006c    0x54  IntQueue.o [1]
    .data            inited   0x200000c0    0x14  display.o [1]
    .data            inited   0x200000d4     0xc  heap_2.o [1]
    .data            inited   0x200000e0     0x4  port.o [1]
  .bss               zero     0x200000e8  0x5dcc  heap_2.o [1]
  .bss               zero     0x20005eb4   0x410  adc.o [1]
  .bss               zero     0x200062c4    0xc8  IntQueue.o [1]
  .bss               zero     0x2000638c    0xc8  IntQueue.o [1]
  .bss               zero     0x20006454    0xac  tasks.o [1]
  .bss               zero     0x20006500    0x2c  emac.o [1]
  .bss               zero     0x2000652c    0x20  adc.o [1]
  .bss               zero     0x2000654c    0x14  rit128x96x4.o [1]
  .bss               zero     0x20006560     0xc  timertest.o [1]
  .bss               zero     0x2000656c     0x8  rit128x96x4.o [1]
  .bss               zero     0x20006574     0x4  InterruptSetup.o [1]
  .bss               zero     0x20006578     0x4  keypad.o [1]
  .bss               zero     0x2000657c     0x4  main.o [1]
  .bss               zero     0x20006580     0x4  motor.o [1]
  .bss               zero     0x20006584     0x4  motor.o [1]
  .bss               zero     0x20006588     0x1  uart.o [1]
  .noinit            uninit   0x2000658c   0x1e0  startup_ewarm.o [1]
                            - 0x2000676c  0x676c


*******************************************************************************
*** INIT TABLE
***

          Address     Size
          -------     ----
Zero (__iar_zero_init3)
    1 destination range, total size 0x64a1:
          0x200000e8  0x64a1

Copy/packbits (__iar_packbits_init3)
    1 source range, total size 0x19 (10% of destination):
          0x00002f08    0x19
    1 destination range, total size 0xe4:
          0x20000000    0xe4



*******************************************************************************
*** MODULE SUMMARY
***

    Module                 ro code  ro data  rw data
    ------                 -------  -------  -------
C:\StellarisWare\boards\ek-lm3s8962\ee472\Lab4withRTOS\FreeRTOS0\Demo\Tasks3\Debug\Obj: [1]
    IntQueue.o                 492       10      484
    IntQueueTimer.o             68
    InterruptSetup.o           204                 4
    adc.o                      432             1 072
    display.o                1 208        2       20
    emac.o                      72                44
    heap_2.o                   216        1   24 024
    keypad.o                   368                 4
    list.o                     146
    main.o                     552                 4
    motor.o                  1 712                 8
    port.o                     160        1        4
    portasm.o                  140
    queue.o                    300
    rit128x96x4.o            1 228                28
    startup_ewarm.o              6      256      480
    tasks.o                  1 348       11      280
    timertest.o                180                12
    uart.o                     140                 1
    ------------------------------------------------
    Total:                   8 972      281   26 469

command line: [2]
    ------------------------------------------------
    Total:

dl7M_tln.a: [3]
    abort.o                      6
    exit.o                       4
    low_level_init.o             4
    ------------------------------------------------
    Total:                      14

driverlib.a: [4]
    cpu.o                       20
    ethernet.o                  32
    gpio.o                     320
    interrupt.o                152       64
    pwm.o                      136
    ssi.o                      136
    sysctl.o                   668      120
    timer.o                     88
    uart.o                     188
    ------------------------------------------------
    Total:                   1 740      184

grlib.a: [5]
    ------------------------------------------------
    Total:

rt7M_tl.a: [6]
    ABImemcpy_unaligned.o      118
    ABImemset.o                 94
    ABImemset48.o               58
    XXexit.o                    12
    cexit.o                     10
    cmain.o                     26
    cstartup_M.o                12
    data_init.o                 40
    memcmp_unaligned.o          98
    packbits_init.o            210
    strncpy_unaligned.o        108
    zero_init3.o                34
    ------------------------------------------------
    Total:                     820

    Gaps                         8        2        7
    Linker created                       44
----------------------------------------------------
    Grand Total:            11 554      511   26 476


*******************************************************************************
*** ENTRY LIST
***

Entry                      Address    Size  Type      Object
-----                      -------    ----  ----      ------
?main                   0x00002eb1          Code  Gb  cmain.o [6]
ADCInit                 0x00001a71    0x34  Code  Gb  adc.o [1]
CPUcpsid                0x000023d5          Code  Gb  cpu.o [4]
CPUcpsie                0x000023dd          Code  Gb  cpu.o [4]
CPUwfi                  0x000023e5          Code  Gb  cpu.o [4]
EthernetIntClear        0x00002dd5     0x4  Code  Gb  ethernet.o [4]
EthernetIntDisable      0x00002db9     0xa  Code  Gb  ethernet.o [4]
EthernetIntStatus       0x00002dc5     0xe  Code  Gb  ethernet.o [4]
FaultISR                0x00001fbd     0x2  Code  Lc  startup_ewarm.o [1]
GPIODirModeSet          0x00001329    0x1e  Code  Gb  gpio.o [4]
GPIOEventHandler        0x00001c91    0x44  Code  Gb  InterruptSetup.o [1]
GPIOPadConfigSet        0x0000135d    0xac  Code  Gb  gpio.o [4]
GPIOPinTypeGPIOOutput   0x00001429    0x10  Code  Gb  gpio.o [4]
GPIOPinTypePWM          0x00001439    0x10  Code  Gb  gpio.o [4]
GPIOPinTypeSSI          0x00001449    0x10  Code  Gb  gpio.o [4]
GPIOPinTypeUART         0x00001459    0x10  Code  Gb  gpio.o [4]
GPIOPinWrite            0x00001409     0x6  Code  Gb  gpio.o [4]
InStream_Read           0x00002c2f    0x22  Code  Lc  packbits_init.o [6]
InitializeHardware      0x00000873    0x64  Code  Gb  main.o [1]
IntDefaultHandler       0x00001fbf     0x2  Code  Lc  startup_ewarm.o [1]
IntEnable               0x000021c9    0x60  Code  Gb  interrupt.o [4]
IntMasterEnable         0x00002199     0xa  Code  Gb  interrupt.o [4]
IntPrioritySet          0x000021a5    0x20  Code  Gb  interrupt.o [4]
LookupDistanceTable     0x00001bb3    0x30  Code  Gb  adc.o [1]
NmiSR                   0x00001fbb     0x2  Code  Lc  startup_ewarm.o [1]
PORTC_init              0x00000225    0x30  Code  Gb  motor.o [1]
PORTD_init              0x000001e9    0x34  Code  Gb  motor.o [1]
PWMGenConfigure         0x00001469    0x30  Code  Gb  pwm.o [4]
PWMGenEnable            0x000014b1     0xc  Code  Gb  pwm.o [4]
PWMGenPeriodSet         0x00001499    0x18  Code  Gb  pwm.o [4]
PWMOutputState          0x000014dd    0x14  Code  Gb  pwm.o [4]
PWMPulseWidthSet        0x000014bd    0x1e  Code  Gb  pwm.o [4]
PWMinit                 0x00000101    0xda  Code  Gb  motor.o [1]
RIT128x96x4Clear        0x00001613    0x38  Code  Gb  rit128x96x4.o [1]
RIT128x96x4Enable       0x0000170b    0x4a  Code  Gb  rit128x96x4.o [1]
RIT128x96x4Init         0x00001763    0x92  Code  Gb  rit128x96x4.o [1]
RIT128x96x4StringDraw   0x0000164b    0xa6  Code  Gb  rit128x96x4.o [1]
RITWriteCommand         0x000015a5    0x32  Code  Lc  rit128x96x4.o [1]
RITWriteData            0x000015d7    0x32  Code  Lc  rit128x96x4.o [1]
Region$$Table$$Base     0x00002e84           --   Gb  - Linker created -
Region$$Table$$Limit    0x00002eb0           --   Gb  - Linker created -
SSIConfigSetExpClk      0x00002231    0x42  Code  Gb  ssi.o [4]
SSIDataGet              0x00002299     0xc  Code  Gb  ssi.o [4]
SSIDataGetNonBlocking   0x000022a5    0x12  Code  Gb  ssi.o [4]
SSIDataPut              0x0000228d     0xa  Code  Gb  ssi.o [4]
SSIDisable              0x00002281     0xc  Code  Gb  ssi.o [4]
SSIEnable               0x00002275     0xc  Code  Gb  ssi.o [4]
SysCtlClockGet          0x000011f9   0x130  Code  Gb  sysctl.o [4]
SysCtlClockSet          0x000010e9   0x108  Code  Gb  sysctl.o [4]
SysCtlDelay             0x000010e1     0x8  Code  Gb  sysctl.o [4]
SysCtlLDOSet            0x000010d5     0x6  Code  Gb  sysctl.o [4]
SysCtlPeripheralEnable  0x000010b1    0x12  Code  Gb  sysctl.o [4]
SysCtlPeripheralPresent
                        0x0000108d    0x24  Code  Gb  sysctl.o [4]
Timer0IntHandler        0x00001559    0x32  Code  Gb  timertest.o [1]
TimerConfigure          0x00002155    0x24  Code  Gb  timer.o [4]
TimerEnable             0x00002141     0xe  Code  Gb  timer.o [4]
TimerIntClear           0x00002195     0x4  Code  Gb  timer.o [4]
TimerIntEnable          0x00002189     0xa  Code  Gb  timer.o [4]
TimerLoadSet            0x00002179    0x10  Code  Gb  timer.o [4]
UARTCharGetNonBlocking  0x00002339    0x10  Code  Gb  uart.o [4]
UARTCharPutNonBlocking  0x00002349    0x10  Code  Gb  uart.o [4]
UARTCharsAvail          0x00002329    0x10  Code  Gb  uart.o [4]
UARTConfigSetExpClk     0x000022b9    0x30  Code  Gb  uart.o [4]
UARTDisable             0x00002305    0x24  Code  Gb  uart.o [4]
UARTEnable              0x000022e9    0x1c  Code  Gb  uart.o [4]
UARTIntClear            0x00002371     0x4  Code  Gb  uart.o [4]
UARTIntEnable           0x00002359     0xa  Code  Gb  uart.o [4]
UARTIntHandler          0x00001ced    0x3a  Code  Gb  uart.o [1]
UARTIntStatus           0x00002365     0xa  Code  Gb  uart.o [4]
__aeabi_memset4         0x00002105          Code  Gb  ABImemset48.o [6]
__aeabi_memset8         0x00002105          Code  Gb  ABImemset48.o [6]
__as_entries_start      0xffffffff           --   Gb  command line/config [2]
__as_table_start        0xffffffff           --   Gb  command line/config [2]
__cmain                 0x00002eb1          Code  Gb  cmain.o [6]
__exit                  0x00002d09          Code  Gb  XXexit.o [6]
__iar_Memset4_word      0x0000210d          Code  Gb  ABImemset48.o [6]
__iar_Memset8_word      0x0000210d          Code  Gb  ABImemset48.o [6]
__iar_Memset_word       0x00002375          Code  Gb  ABImemset.o [6]
__iar_data_init3        0x00002e5d    0x28  Code  Gb  data_init.o [6]
__iar_packbits_init3    0x00002c51    0xb0  Code  Gb  packbits_init.o [6]
__iar_program_start     0x00002efd          Code  Gb  cstartup_M.o [6]
__iar_unaligned___aeabi_memcpy
                        0x00002bb9          Code  Gb  ABImemcpy_unaligned.o [6]
__iar_unaligned___aeabi_memcpy4
                        0x00002bd9          Code  Gb  ABImemcpy_unaligned.o [6]
__iar_unaligned___aeabi_memcpy8
                        0x00002bd9          Code  Gb  ABImemcpy_unaligned.o [6]
__iar_unaligned_memcmp  0x00001f59          Code  Gb  memcmp_unaligned.o [6]
__iar_unaligned_strncpy
                        0x00002099          Code  Gb  strncpy_unaligned.o [6]
__iar_zero_init3        0x00001eab    0x22  Code  Gb  zero_init3.o [6]
__low_level_init        0x00002ecb     0x4  Code  Gb  low_level_init.o [3]
__vector_table          0x00000000   0x100  Data  Gb  startup_ewarm.o [1]
_call_main              0x00002ebd          Code  Gb  cmain.o [6]
_exit                   0x00002ed5          Code  Gb  cexit.o [6]
_main                   0x00002ec7          Code  Gb  cmain.o [6]
abort                   0x00002d01     0x6  Code  Gb  abort.o [3]
auton                   0x200000cc     0x4  Data  Gb  display.o [1]
avg0                    0x2000652c     0x4  Data  Gb  adc.o [1]
avg1                    0x20006530     0x4  Data  Gb  adc.o [1]
avg2                    0x20006534     0x4  Data  Gb  adc.o [1]
avg3                    0x20006538     0x4  Data  Gb  adc.o [1]
bluetoothSignal         0x20006588     0x1  Data  Gb  uart.o [1]
chooseSpeed             0x00002653    0x4c  Code  Gb  display.o [1]
currentKey              0x20006580     0x4  Data  Gb  motor.o [1]
debounce                0x20006574     0x4  Data  Gb  InterruptSetup.o [1]
delay                   0x000008d7    0x28  Code  Gb  main.o [1]
dist0                   0x200062b4     0x4  Data  Gb  adc.o [1]
dist1                   0x200062b8     0x4  Data  Gb  adc.o [1]
dist2                   0x200062bc     0x4  Data  Gb  adc.o [1]
dist3                   0x200062c0     0x4  Data  Gb  adc.o [1]
exit                    0x00002ecf     0x4  Code  Gb  exit.o [3]
fast                    0x200000c8     0x4  Data  Gb  display.o [1]
fresh_key               0x00000f35    0x18  Code  Gb  keypad.o [1]
g_bSSIEnabled           0x2000654c     0x1  Data  Lc  rit128x96x4.o [1]
g_pucBuffer             0x2000656c     0x8  Data  Lc  rit128x96x4.o [1]
g_pucFont               0x00001838   0x1e0  Data  Lc  rit128x96x4.o [1]
g_pucRIT128x96x4HorizontalInc
                        0x00001834     0x2  Data  Lc  rit128x96x4.o [1]
g_pucRIT128x96x4Init    0x00001a18    0x50  Data  Lc  rit128x96x4.o [1]
g_pucRIT128x96x4VerticalInc
                        0x00001830     0x2  Data  Lc  rit128x96x4.o [1]
g_pulDCRegs             0x00002ee0    0x10  Data  Lc  sysctl.o [4]
g_pulRCGCRegs           0x00002ef0     0xc  Data  Lc  sysctl.o [4]
g_pulRegs               0x00002e1c    0x40  Data  Lc  interrupt.o [4]
g_pulXtals              0x00002d14    0x5c  Data  Lc  sysctl.o [4]
getKey                  0x00000f71    0xa0  Code  Gb  keypad.o [1]
goBackLeft              0x00000533    0x40  Code  Gb  motor.o [1]
goBackRight             0x000005c5    0x40  Code  Gb  motor.o [1]
goBackWard              0x000004b1    0x16  Code  Gb  motor.o [1]
goForward               0x00000499    0x18  Code  Gb  motor.o [1]
goLeft                  0x00000605    0x24  Code  Gb  motor.o [1]
goRight                 0x00000629    0x24  Code  Gb  motor.o [1]
goUpLeft                0x000004e5    0x4e  Code  Gb  motor.o [1]
goUpRight               0x00000573    0x52  Code  Gb  motor.o [1]
init_GPIOE              0x00001c21    0x36  Code  Gb  InterruptSetup.o [1]
init_GPIOF              0x00001c57    0x3a  Code  Gb  InterruptSetup.o [1]
is_a_key                0x00000f1d    0x18  Code  Gb  keypad.o [1]
key_init                0x00001011    0x56  Code  Gb  keypad.o [1]
keymaster               0x00000f4d    0x24  Code  Gb  keypad.o [1]
lastKey                 0x20006578     0x4  Data  Gb  keypad.o [1]
ledState                0x200000d0     0x4  Data  Gb  display.o [1]
main                    0x000007b1    0x9e  Code  Gb  main.o [1]
pastKey                 0x200000c4     0x4  Data  Gb  display.o [1]
pcTraceBuffer           0x200064d4     0x4  Data  Lc  tasks.o [1]
pcTraceBufferEnd        0x20000060     0x4  Data  Lc  tasks.o [1]
pcTraceBufferStart      0x2000005c     0x4  Data  Lc  tasks.o [1]
printADCString          0x00002607    0x4c  Code  Gb  display.o [1]
printInt                0x00001b5d    0x56  Code  Gb  adc.o [1]
printState2Or3          0x000025ad    0x5a  Code  Gb  display.o [1]
prvAddCurrentTaskToDelayedList
                        0x00000e4b    0x34  Code  Lc  tasks.o [1]
prvAllocateTCBAndStack  0x00000e7f    0x36  Code  Lc  tasks.o [1]
prvCopyDataFromQueue    0x00002b83    0x26  Code  Lc  queue.o [1]
prvCopyDataToQueue      0x00002b27    0x5c  Code  Lc  queue.o [1]
prvIdleTask             0x00000dc1    0x4c  Code  Lc  tasks.o [1]
prvInitialiseTCBVariables
                        0x00000e0d    0x3e  Code  Lc  tasks.o [1]
prvQueueAccessLogError  0x000028db     0xc  Code  Lc  IntQueue.o [1]
prvRecordValue_NormallyEmpty
                        0x000028bd    0x1e  Code  Lc  IntQueue.o [1]
prvRecordValue_NormallyFull
                        0x000028a1    0x1c  Code  Lc  IntQueue.o [1]
pulStack                0x2000658c   0x1e0  Data  Lc  startup_ewarm.o [1]
pvPortMalloc            0x00001fc1    0x9e  Code  Gb  heap_2.o [1]
pxCurrentTCB            0x20006454     0x4  Data  Gb  tasks.o [1]
pxDelayedTaskList       0x200064bc     0x4  Data  Lc  tasks.o [1]
pxOverflowDelayedTaskList
                        0x200064c0     0x4  Data  Lc  tasks.o [1]
pxPortInitialiseStack   0x00001d79    0x1a  Code  Gb  port.o [1]
pxReadyTasksLists       0x20006458    0x64  Data  Lc  tasks.o [1]
speakerInit             0x0000064d    0x56  Code  Gb  motor.o [1]
state                   0x200000c0     0x4  Data  Gb  display.o [1]
stopTank                0x000002fd    0x2c  Code  Gb  motor.o [1]
total0                  0x2000653c     0x4  Data  Gb  adc.o [1]
total1                  0x20006540     0x4  Data  Gb  adc.o [1]
total2                  0x20006544     0x4  Data  Gb  adc.o [1]
total3                  0x20006548     0x4  Data  Gb  adc.o [1]
uARTInit                0x00001d27    0x42  Code  Gb  uart.o [1]
ucNormallyEmptyReceivedValues
                        0x200062c4    0xc8  Data  Lc  IntQueue.o [1]
ucNormallyFullReceivedValues
                        0x2000638c    0xc8  Data  Lc  IntQueue.o [1]
uip_buf                 0x20006508     0x4  Data  Gb  emac.o [1]
ulGPIOBase              0x20006554     0x4  Data  Gb  rit128x96x4.o [1]
ulGPIOId                0x20006550     0x4  Data  Gb  rit128x96x4.o [1]
ulMaxJitter             0x20006560     0x4  Data  Gb  timertest.o [1]
ulNextTxSpace           0x20006520     0x4  Data  Lc  emac.o [1]
ulOLEDDC_PIN            0x20006558     0x4  Data  Gb  rit128x96x4.o [1]
ulOLEDEN_PIN            0x2000655c     0x4  Data  Gb  rit128x96x4.o [1]
ulPeriod                0x20006584     0x4  Data  Gb  motor.o [1]
ulRxLength              0x2000650c    0x14  Data  Lc  emac.o [1]
uxCriticalNesting       0x200000e0     0x4  Data  Lc  port.o [1]
uxCurrentNumberOfTasks  0x200064c4     0x4  Data  Lc  tasks.o [1]
uxHighPriorityLoops1    0x20000074     0x4  Data  Lc  IntQueue.o [1]
uxHighPriorityLoops2    0x20000078     0x4  Data  Lc  IntQueue.o [1]
uxLowPriorityLoops1     0x2000007c     0x4  Data  Lc  IntQueue.o [1]
uxLowPriorityLoops2     0x20000080     0x4  Data  Lc  IntQueue.o [1]
uxMissedTicks           0x20000048     0x4  Data  Lc  tasks.o [1]
uxPreviousTask          0x20000068     0x4  Data  Lc  tasks.o [1]
uxSchedulerSuspended    0x200064d0     0x4  Data  Lc  tasks.o [1]
uxTaskNumber            0x20000054     0x4  Data  Lc  tasks.o [1]
uxTasksDeleted          0x20000028     0x4  Data  Lc  tasks.o [1]
uxTopReadyPriority      0x200064cc     0x4  Data  Lc  tasks.o [1]
uxTopUsedPriority       0x20000040     0x4  Data  Lc  tasks.o [1]
uxValueForNormallyEmptyQueue
                        0x20000090     0x4  Data  Gb  IntQueue.o [1]
uxValueForNormallyFullQueue
                        0x20000094     0x4  Data  Gb  IntQueue.o [1]
vApplicationStackOverflowHook
                        0x000008ff     0x2  Code  Gb  main.o [1]
vApplicationTickHook    0x00000901    0x14  Code  Gb  main.o [1]
vAutoMotor              0x00000329    0x82  Code  Gb  motor.o [1]
vBlinkLED               0x000026fb    0x3e  Code  Gb  display.o [1]
vEMAC_ISR               0x00002d71    0x3e  Code  Gb  emac.o [1]
vListInitialise         0x00001e19    0x1a  Code  Gb  list.o [1]
vListInitialiseItem     0x00001e33     0x6  Code  Gb  list.o [1]
vListInsert             0x00001e55    0x32  Code  Gb  list.o [1]
vListInsertEnd          0x00001e39    0x1c  Code  Gb  list.o [1]
vListRemove             0x00001e87    0x24  Code  Gb  list.o [1]
vPortClearInterruptMask
                        0x00001f17          Code  Gb  portasm.o [1]
vPortEnterCritical      0x00001dcb    0x10  Code  Gb  port.o [1]
vPortExitCritical       0x00001ddb    0x10  Code  Gb  port.o [1]
vPortFree               0x0000205f    0x32  Code  Gb  heap_2.o [1]
vPortSVCHandler         0x00001f25          Code  Gb  portasm.o [1]
vPortSetInterruptMask   0x00001f09          Code  Gb  portasm.o [1]
vPortStartFirstTask     0x00001f41          Code  Gb  portasm.o [1]
vPortYieldFromISR       0x00001dc1     0xa  Code  Gb  port.o [1]
vPrintDistance          0x0000269f    0x50  Code  Gb  display.o [1]
vSemiMotor              0x000003ab    0xee  Code  Gb  motor.o [1]
vSetMSP                 0x00001ecd          Code  Gb  portasm.o [1]
vSetupHighFrequencyTimer
                        0x000014f1    0x68  Code  Gb  timertest.o [1]
vT2InterruptHandler     0x00002dd9    0x1c  Code  Gb  IntQueueTimer.o [1]
vT3InterruptHandler     0x00002df5    0x1c  Code  Gb  IntQueueTimer.o [1]
vTaskADC                0x00001aa5    0xb8  Code  Gb  adc.o [1]
vTaskADCAverage         0x00001be3    0x24  Code  Gb  adc.o [1]
vTaskControlMotor       0x0000025b    0xa2  Code  Gb  motor.o [1]
vTaskDelay              0x00000ae5    0x2e  Code  Gb  tasks.o [1]
vTaskDisplay            0x000023e9   0x1c4  Code  Gb  display.o [1]
vTaskIncrementTick      0x00000bf9    0xa8  Code  Gb  tasks.o [1]
vTaskPriorityDisinherit
                        0x00000eb5    0x38  Code  Gb  tasks.o [1]
vTaskSpeaker            0x000006a3    0x84  Code  Gb  motor.o [1]
vTaskStartScheduler     0x00000b13    0x44  Code  Gb  tasks.o [1]
vTaskSuspendAll         0x00000b57     0xc  Code  Gb  tasks.o [1]
vTaskSwitchContext      0x00000ca9    0xb8  Code  Gb  tasks.o [1]
values0                 0x20005eb4   0x100  Data  Gb  adc.o [1]
values1                 0x20005fb4   0x100  Data  Gb  adc.o [1]
values2                 0x200060b4   0x100  Data  Gb  adc.o [1]
values3                 0x200061b4   0x100  Data  Gb  adc.o [1]
xDelayedTaskList1       0x200064d8    0x14  Data  Lc  tasks.o [1]
xDelayedTaskList2       0x200064ec    0x14  Data  Lc  tasks.o [1]
xEMACSemaphore          0x20006500     0x4  Data  Gb  emac.o [1]
xEnd                    0x200000e8     0x8  Data  Lc  heap_2.o [1]
xErrorLine              0x20000088     0x4  Data  Lc  IntQueue.o [1]
xErrorStatus            0x20000084     0x4  Data  Lc  IntQueue.o [1]
xFirstTimerHandler      0x000028e9    0x78  Code  Gb  IntQueue.o [1]
xFreeBytesRemaining     0x200000dc     0x4  Data  Lc  heap_2.o [1]
xHeap                   0x200000f0  0x5dc0  Data  Lc  heap_2.o [1]
xHighPriorityNormallyEmptyTask1
                        0x20000098     0x4  Data  Gb  IntQueue.o [1]
xHighPriorityNormallyEmptyTask2
                        0x2000009c     0x4  Data  Gb  IntQueue.o [1]
xHighPriorityNormallyFullTask1
                        0x200000a0     0x4  Data  Gb  IntQueue.o [1]
xHighPriorityNormallyFullTask2
                        0x200000a4     0x4  Data  Gb  IntQueue.o [1]
xMACInterruptSemaphore  0x20006504     0x4  Data  Gb  emac.o [1]
xMissedYield            0x2000004c     0x4  Data  Lc  tasks.o [1]
xNextTaskUnblockTime    0x20000058     0x4  Data  Lc  tasks.o [1]
xNormallyEmptyQueue     0x2000006c     0x4  Data  Lc  IntQueue.o [1]
xNormallyFullQueue      0x20000070     0x4  Data  Lc  IntQueue.o [1]
xNumOfOverflows         0x20000050     0x4  Data  Lc  tasks.o [1]
xPendingReadyList       0x20000000    0x14  Data  Lc  tasks.o [1]
xPortPendSVHandler      0x00001ed3          Code  Gb  portasm.o [1]
xPortStartScheduler     0x00001d93    0x2e  Code  Gb  port.o [1]
xPortSysTickHandler     0x00001deb    0x1a  Code  Gb  port.o [1]
xQueueGenericSendFromISR
                        0x00002a8d    0x4e  Code  Gb  queue.o [1]
xQueueIsQueueFullFromISR
                        0x00002ba9    0x10  Code  Gb  queue.o [1]
xQueueReceiveFromISR    0x00002adb    0x4c  Code  Gb  queue.o [1]
xSchedulerRunning       0x20000044     0x4  Data  Lc  tasks.o [1]
xSecondTimerHandler     0x00002961    0xd0  Code  Gb  IntQueue.o [1]
xStart                  0x200000d4     0x8  Data  Lc  heap_2.o [1]
xSuspendedTaskList      0x2000002c    0x14  Data  Lc  tasks.o [1]
xTaskGenericCreate      0x000009d9   0x10c  Code  Gb  tasks.o [1]
xTaskRemoveFromEventList
                        0x00000d6d    0x42  Code  Gb  tasks.o [1]
xTaskResumeAll          0x00000b63    0x96  Code  Gb  tasks.o [1]
xTasksWaitingTermination
                        0x20000014    0x14  Data  Lc  tasks.o [1]
xTickCount              0x200064c8     0x4  Data  Lc  tasks.o [1]
xTracing                0x20000064     0x4  Data  Lc  tasks.o [1]
xWasSuspended           0x2000008c     0x4  Data  Lc  IntQueue.o [1]


[1] = C:\StellarisWare\boards\ek-lm3s8962\ee472\Lab4withRTOS\FreeRTOS0\Demo\Tasks3\Debug\Obj
[2] = command line
[3] = dl7M_tln.a
[4] = driverlib.a
[5] = grlib.a
[6] = rt7M_tl.a

  11 554 bytes of readonly  code memory
     511 bytes of readonly  data memory
  26 476 bytes of readwrite data memory

Errors: none
Warnings: none
